Archive member included to satisfy reference by file (symbol)

e:/program files (x86)/atollic/truestudio for stm32 9.3.0/armtools/bin/../lib/gcc/arm-atollic-eabi/6.3.1/../../../../arm-atollic-eabi/lib/armv7-m\libc_nano.a(lib_a-errno.o)
                              Src\syscalls.o (__errno)
e:/program files (x86)/atollic/truestudio for stm32 9.3.0/armtools/bin/../lib/gcc/arm-atollic-eabi/6.3.1/../../../../arm-atollic-eabi/lib/armv7-m\libc_nano.a(lib_a-impure.o)
                              e:/program files (x86)/atollic/truestudio for stm32 9.3.0/armtools/bin/../lib/gcc/arm-atollic-eabi/6.3.1/../../../../arm-atollic-eabi/lib/armv7-m\libc_nano.a(lib_a-errno.o) (_impure_ptr)
e:/program files (x86)/atollic/truestudio for stm32 9.3.0/armtools/bin/../lib/gcc/arm-atollic-eabi/6.3.1/../../../../arm-atollic-eabi/lib/armv7-m\libc_nano.a(lib_a-init.o)
                              startup\startup_stm32f103xb.o (__libc_init_array)
e:/program files (x86)/atollic/truestudio for stm32 9.3.0/armtools/bin/../lib/gcc/arm-atollic-eabi/6.3.1/../../../../arm-atollic-eabi/lib/armv7-m\libc_nano.a(lib_a-memset.o)
                              Drivers\STM32F1xx_HAL_Driver\Src\stm32f1xx_hal_rcc.o (memset)
e:/program files (x86)/atollic/truestudio for stm32 9.3.0/armtools/bin/../lib/gcc/arm-atollic-eabi/6.3.1/armv7-m\libgcc.a(_lshrdi3.o)
                              Drivers\STM32F1xx_HAL_Driver\Src\stm32f1xx_hal_flash.o (__aeabi_llsr)

Allocating common symbols
Common symbol       size              file

hUsbDeviceFS        0x224             Src\usb_device.o
PoprzedniCzasPrzycisku
                    0x4               Src\main.o
StanPrzycisku       0x1               Src\main.o
uwTick              0x4               Drivers\STM32F1xx_HAL_Driver\Src\stm32f1xx_hal.o
pFlash              0x20              Drivers\STM32F1xx_HAL_Driver\Src\stm32f1xx_hal_flash.o
UserRxBufferFS      0x3e8             Src\usbd_cdc_if.o
hadc1               0x30              Src\adc.o
UserTxBufferFS      0x3e8             Src\usbd_cdc_if.o
adc                 0x10              Src\main.o
hdma_adc1           0x44              Src\adc.o
htim1               0x40              Src\tim.o
hpcd_USB_FS         0x460             Src\usbd_conf.o
USBD_StrDesc        0x200             Src\usbd_desc.o

Discarded input sections

 .text          0x00000000        0x0 e:/program files (x86)/atollic/truestudio for stm32 9.3.0/armtools/bin/../lib/gcc/arm-atollic-eabi/6.3.1/armv7-m/crti.o
 .data          0x00000000        0x0 e:/program files (x86)/atollic/truestudio for stm32 9.3.0/armtools/bin/../lib/gcc/arm-atollic-eabi/6.3.1/armv7-m/crti.o
 .bss           0x00000000        0x0 e:/program files (x86)/atollic/truestudio for stm32 9.3.0/armtools/bin/../lib/gcc/arm-atollic-eabi/6.3.1/armv7-m/crti.o
 .data          0x00000000        0x4 e:/program files (x86)/atollic/truestudio for stm32 9.3.0/armtools/bin/../lib/gcc/arm-atollic-eabi/6.3.1/armv7-m/crtbegin.o
 .text          0x00000000        0x0 Drivers\STM32F1xx_HAL_Driver\Src\stm32f1xx_hal.o
 .data          0x00000000        0x0 Drivers\STM32F1xx_HAL_Driver\Src\stm32f1xx_hal.o
 .bss           0x00000000        0x0 Drivers\STM32F1xx_HAL_Driver\Src\stm32f1xx_hal.o
 .text.HAL_MspInit
                0x00000000        0x2 Drivers\STM32F1xx_HAL_Driver\Src\stm32f1xx_hal.o
 .text.HAL_MspDeInit
                0x00000000        0x2 Drivers\STM32F1xx_HAL_Driver\Src\stm32f1xx_hal.o
 .text.HAL_DeInit
                0x00000000       0x20 Drivers\STM32F1xx_HAL_Driver\Src\stm32f1xx_hal.o
 .text.HAL_GetTickPrio
                0x00000000        0xc Drivers\STM32F1xx_HAL_Driver\Src\stm32f1xx_hal.o
 .text.HAL_SetTickFreq
                0x00000000       0x24 Drivers\STM32F1xx_HAL_Driver\Src\stm32f1xx_hal.o
 .text.HAL_GetTickFreq
                0x00000000        0xc Drivers\STM32F1xx_HAL_Driver\Src\stm32f1xx_hal.o
 .text.HAL_SuspendTick
                0x00000000       0x10 Drivers\STM32F1xx_HAL_Driver\Src\stm32f1xx_hal.o
 .text.HAL_ResumeTick
                0x00000000       0x10 Drivers\STM32F1xx_HAL_Driver\Src\stm32f1xx_hal.o
 .text.HAL_GetHalVersion
                0x00000000        0x8 Drivers\STM32F1xx_HAL_Driver\Src\stm32f1xx_hal.o
 .text.HAL_GetREVID
                0x00000000        0xc Drivers\STM32F1xx_HAL_Driver\Src\stm32f1xx_hal.o
 .text.HAL_GetDEVID
                0x00000000       0x10 Drivers\STM32F1xx_HAL_Driver\Src\stm32f1xx_hal.o
 .text.HAL_DBGMCU_EnableDBGSleepMode
                0x00000000       0x10 Drivers\STM32F1xx_HAL_Driver\Src\stm32f1xx_hal.o
 .text.HAL_DBGMCU_DisableDBGSleepMode
                0x00000000       0x10 Drivers\STM32F1xx_HAL_Driver\Src\stm32f1xx_hal.o
 .text.HAL_DBGMCU_EnableDBGStopMode
                0x00000000       0x10 Drivers\STM32F1xx_HAL_Driver\Src\stm32f1xx_hal.o
 .text.HAL_DBGMCU_DisableDBGStopMode
                0x00000000       0x10 Drivers\STM32F1xx_HAL_Driver\Src\stm32f1xx_hal.o
 .text.HAL_DBGMCU_EnableDBGStandbyMode
[...]
Memory Configuration

Name             Origin             Length             Attributes
RAM              0x20000000         0x00005000         xrw
FLASH            0x08000000         0x00010000         xr
*default*        0x00000000         0xffffffff

Linker script and memory map

LOAD e:/program files (x86)/atollic/truestudio for stm32 9.3.0/armtools/bin/../lib/gcc/arm-atollic-eabi/6.3.1/armv7-m/crti.o
LOAD e:/program files (x86)/atollic/truestudio for stm32 9.3.0/armtools/bin/../lib/gcc/arm-atollic-eabi/6.3.1/armv7-m/crtbegin.o
LOAD Drivers\STM32F1xx_HAL_Driver\Src\stm32f1xx_hal.o
LOAD Drivers\STM32F1xx_HAL_Driver\Src\stm32f1xx_hal_adc.o
LOAD Drivers\STM32F1xx_HAL_Driver\Src\stm32f1xx_hal_adc_ex.o
LOAD Drivers\STM32F1xx_HAL_Driver\Src\stm32f1xx_hal_cortex.o
LOAD Drivers\STM32F1xx_HAL_Driver\Src\stm32f1xx_hal_dma.o
LOAD Drivers\STM32F1xx_HAL_Driver\Src\stm32f1xx_hal_flash.o
LOAD Drivers\STM32F1xx_HAL_Driver\Src\stm32f1xx_hal_flash_ex.o
LOAD Drivers\STM32F1xx_HAL_Driver\Src\stm32f1xx_hal_gpio.o
LOAD Drivers\STM32F1xx_HAL_Driver\Src\stm32f1xx_hal_gpio_ex.o
LOAD Drivers\STM32F1xx_HAL_Driver\Src\stm32f1xx_hal_pcd.o
LOAD Drivers\STM32F1xx_HAL_Driver\Src\stm32f1xx_hal_pcd_ex.o
LOAD Drivers\STM32F1xx_HAL_Driver\Src\stm32f1xx_hal_pwr.o
LOAD Drivers\STM32F1xx_HAL_Driver\Src\stm32f1xx_hal_rcc.o
LOAD Drivers\STM32F1xx_HAL_Driver\Src\stm32f1xx_hal_rcc_ex.o
LOAD Drivers\STM32F1xx_HAL_Driver\Src\stm32f1xx_hal_tim.o
LOAD Drivers\STM32F1xx_HAL_Driver\Src\stm32f1xx_hal_tim_ex.o
LOAD Drivers\STM32F1xx_HAL_Driver\Src\stm32f1xx_ll_usb.o
LOAD Middlewares\ST\STM32_USB_Device_Library\Class\CDC\Src\usbd_cdc.o
LOAD Middlewares\ST\STM32_USB_Device_Library\Core\Src\usbd_core.o
LOAD Middlewares\ST\STM32_USB_Device_Library\Core\Src\usbd_ctlreq.o
LOAD Middlewares\ST\STM32_USB_Device_Library\Core\Src\usbd_ioreq.o
LOAD Src\adc.o
LOAD Src\dma.o
LOAD Src\gpio.o
LOAD Src\main.o
LOAD Src\stm32f1xx_hal_msp.o
LOAD Src\stm32f1xx_it.o
LOAD Src\syscalls.o
LOAD Src\system_stm32f1xx.o
LOAD Src\tim.o
LOAD Src\usb_device.o
LOAD Src\usbd_cdc_if.o
LOAD Src\usbd_conf.o
LOAD Src\usbd_desc.o
LOAD startup\startup_stm32f103xb.o
                0x00000080                malloc_getpagesize_P = 0x80
START GROUP
LOAD e:/program files (x86)/atollic/truestudio for stm32 9.3.0/armtools/bin/../lib/gcc/arm-atollic-eabi/6.3.1/../../../../arm-atollic-eabi/lib/armv7-m\libc_nano.a
LOAD e:/program files (x86)/atollic/truestudio for stm32 9.3.0/armtools/bin/../lib/gcc/arm-atollic-eabi/6.3.1/../../../../arm-atollic-eabi/lib/armv7-m\libm.a
END GROUP
START GROUP
LOAD e:/program files (x86)/atollic/truestudio for stm32 9.3.0/armtools/bin/../lib/gcc/arm-atollic-eabi/6.3.1/armv7-m\libgcc.a
LOAD e:/program files (x86)/atollic/truestudio for stm32 9.3.0/armtools/bin/../lib/gcc/arm-atollic-eabi/6.3.1/../../../../arm-atollic-eabi/lib/armv7-m\libc_nano.a
END GROUP
START GROUP
LOAD e:/program files (x86)/atollic/truestudio for stm32 9.3.0/armtools/bin/../lib/gcc/arm-atollic-eabi/6.3.1/armv7-m\libgcc.a
LOAD e:/program files (x86)/atollic/truestudio for stm32 9.3.0/armtools/bin/../lib/gcc/arm-atollic-eabi/6.3.1/../../../../arm-atollic-eabi/lib/armv7-m\libc_nano.a
LOAD e:/program files (x86)/atollic/truestudio for stm32 9.3.0/armtools/bin/../lib/gcc/arm-atollic-eabi/6.3.1/../../../../arm-atollic-eabi/lib/armv7-m\libnosys.a
END GROUP
START GROUP
LOAD e:/program files (x86)/atollic/truestudio for stm32 9.3.0/armtools/bin/../lib/gcc/arm-atollic-eabi/6.3.1/armv7-m\libgcc.a
LOAD e:/program files (x86)/atollic/truestudio for stm32 9.3.0/armtools/bin/../lib/gcc/arm-atollic-eabi/6.3.1/../../../../arm-atollic-eabi/lib/armv7-m\libc_nano.a
LOAD e:/program files (x86)/atollic/truestudio for stm32 9.3.0/armtools/bin/../lib/gcc/arm-atollic-eabi/6.3.1/../../../../arm-atollic-eabi/lib/armv7-m\libnosys.a
END GROUP
LOAD e:/program files (x86)/atollic/truestudio for stm32 9.3.0/armtools/bin/../lib/gcc/arm-atollic-eabi/6.3.1/armv7-m/crtend.o
LOAD e:/program files (x86)/atollic/truestudio for stm32 9.3.0/armtools/bin/../lib/gcc/arm-atollic-eabi/6.3.1/armv7-m/crtn.o
                0x20005000                _estack = 0x20005000
                0x00000200                _Min_Heap_Size = 0x200
                0x00000400                _Min_Stack_Size = 0x400

.isr_vector     0x08000000      0x10c
                0x08000000                . = ALIGN (0x4)
 *(.isr_vector)
 .isr_vector    0x08000000      0x10c startup\startup_stm32f103xb.o
                0x08000000                g_pfnVectors
                0x0800010c                . = ALIGN (0x4)

.text           0x0800010c     0x3890
                0x0800010c                . = ALIGN (0x4)
 *(.text)
 .text          0x0800010c       0x40 e:/program files (x86)/atollic/truestudio for stm32 9.3.0/armtools/bin/../lib/gcc/arm-atollic-eabi/6.3.1/armv7-m/crtbegin.o
 *(.text*)
 .text.HAL_InitTick
                0x0800014c       0x48 Drivers\STM32F1xx_HAL_Driver\Src\stm32f1xx_hal.o
                0x0800014c                HAL_InitTick
 .text.HAL_Init
                0x08000194       0x24 Drivers\STM32F1xx_HAL_Driver\Src\stm32f1xx_hal.o
                0x08000194                HAL_Init
 .text.HAL_IncTick
                0x080001b8       0x18 Drivers\STM32F1xx_HAL_Driver\Src\stm32f1xx_hal.o
                0x080001b8                HAL_IncTick
 .text.HAL_GetTick
                0x080001d0        0xc Drivers\STM32F1xx_HAL_Driver\Src\stm32f1xx_hal.o
                0x080001d0                HAL_GetTick
 .text.HAL_Delay
                0x080001dc       0x24 Drivers\STM32F1xx_HAL_Driver\Src\stm32f1xx_hal.o
                0x080001dc                HAL_Delay
 .text.HAL_ADC_ConvCpltCallback
                0x08000200        0x2 Drivers\STM32F1xx_HAL_Driver\Src\stm32f1xx_hal_adc.o
                0x08000200                HAL_ADC_ConvCpltCallback
 .text.ADC_DMAConvCplt
                0x08000202       0x4e Drivers\STM32F1xx_HAL_Driver\Src\stm32f1xx_hal_adc.o
                0x08000202                ADC_DMAConvCplt
 .text.HAL_ADC_ConvHalfCpltCallback
                0x08000250        0x2 Drivers\STM32F1xx_HAL_Driver\Src\stm32f1xx_hal_adc.o
                0x08000250                HAL_ADC_ConvHalfCpltCallback
 .text.ADC_DMAHalfConvCplt
                0x08000252        0xa Drivers\STM32F1xx_HAL_Driver\Src\stm32f1xx_hal_adc.o
                0x08000252                ADC_DMAHalfConvCplt
 .text.HAL_ADC_ErrorCallback
                0x0800025c        0x2 Drivers\STM32F1xx_HAL_Driver\Src\stm32f1xx_hal_adc.o
                0x0800025c                HAL_ADC_ErrorCallback
 .text.ADC_DMAError
                0x0800025e       0x1a Drivers\STM32F1xx_HAL_Driver\Src\stm32f1xx_hal_adc.o
                0x0800025e                ADC_DMAError
 .text.HAL_ADC_ConfigChannel
                0x08000278      0x108 Drivers\STM32F1xx_HAL_Driver\Src\stm32f1xx_hal_adc.o
                0x08000278                HAL_ADC_ConfigChannel
 .text.HAL_ADC_AnalogWDGConfig
                0x08000380       0x50 Drivers\STM32F1xx_HAL_Driver\Src\stm32f1xx_hal_adc.o
                0x08000380                HAL_ADC_AnalogWDGConfig
 .text.ADC_Enable
                0x080003d0       0x70 Drivers\STM32F1xx_HAL_Driver\Src\stm32f1xx_hal_adc.o
                0x080003d0                ADC_Enable
 .text.HAL_ADC_Start_DMA
                0x08000440      0x11c Drivers\STM32F1xx_HAL_Driver\Src\stm32f1xx_hal_adc.o
                0x08000440                HAL_ADC_Start_DMA
 .text.ADC_ConversionStop_Disable
                0x0800055c       0x44 Drivers\STM32F1xx_HAL_Driver\Src\stm32f1xx_hal_adc.o
                0x0800055c                ADC_ConversionStop_Disable
 .text.HAL_ADC_Init
                0x080005a0      0x100 Drivers\STM32F1xx_HAL_Driver\Src\stm32f1xx_hal_adc.o
                0x080005a0                HAL_ADC_Init
 .text.HAL_NVIC_SetPriorityGrouping
                0x080006a0       0x24 Drivers\STM32F1xx_HAL_Driver\Src\stm32f1xx_hal_cortex.o
                0x080006a0                HAL_NVIC_SetPriorityGrouping
 .text.HAL_NVIC_SetPriority
                0x080006c4       0x68 Drivers\STM32F1xx_HAL_Driver\Src\stm32f1xx_hal_cortex.o
                0x080006c4                HAL_NVIC_SetPriority
 .text.HAL_NVIC_EnableIRQ
                0x0800072c       0x18 Drivers\STM32F1xx_HAL_Driver\Src\stm32f1xx_hal_cortex.o
                0x0800072c                HAL_NVIC_EnableIRQ
 .text.HAL_NVIC_DisableIRQ
                0x08000744       0x1c Drivers\STM32F1xx_HAL_Driver\Src\stm32f1xx_hal_cortex.o
                0x08000744                HAL_NVIC_DisableIRQ
 .text.HAL_SYSTICK_Config
                0x08000760       0x2c Drivers\STM32F1xx_HAL_Driver\Src\stm32f1xx_hal_cortex.o
                0x08000760                HAL_SYSTICK_Config
 .text.HAL_DMA_Init
                0x0800078c       0x60 Drivers\STM32F1xx_HAL_Driver\Src\stm32f1xx_hal_dma.o
                0x0800078c                HAL_DMA_Init
 .text.HAL_DMA_Start_IT
                0x080007ec       0x7a Drivers\STM32F1xx_HAL_Driver\Src\stm32f1xx_hal_dma.o
                0x080007ec                HAL_DMA_Start_IT
 *fill*         0x08000866        0x2 
 .text.HAL_DMA_IRQHandler
                0x08000868      0x128 Drivers\STM32F1xx_HAL_Driver\Src\stm32f1xx_hal_dma.o
                0x08000868                HAL_DMA_IRQHandler
 .text.HAL_GPIO_Init
                0x08000990      0x1c0 Drivers\STM32F1xx_HAL_Driver\Src\stm32f1xx_hal_gpio.o
                0x08000990                HAL_GPIO_Init
 .text.HAL_GPIO_ReadPin
                0x08000b50        0xc Drivers\STM32F1xx_HAL_Driver\Src\stm32f1xx_hal_gpio.o
                0x08000b50                HAL_GPIO_ReadPin
 .text.HAL_GPIO_WritePin
                0x08000b5c        0xa Drivers\STM32F1xx_HAL_Driver\Src\stm32f1xx_hal_gpio.o
                0x08000b5c                HAL_GPIO_WritePin
 *fill*         0x08000b66        0x2 
 .text.HAL_GPIO_EXTI_IRQHandler
                0x08000b68       0x18 Drivers\STM32F1xx_HAL_Driver\Src\stm32f1xx_hal_gpio.o
                0x08000b68                HAL_GPIO_EXTI_IRQHandler
 .text.HAL_PCD_Init
                0x08000b80       0xd2 Drivers\STM32F1xx_HAL_Driver\Src\stm32f1xx_hal_pcd.o
                0x08000b80                HAL_PCD_Init
 .text.HAL_PCD_Start
                0x08000c52       0x2e Drivers\STM32F1xx_HAL_Driver\Src\stm32f1xx_hal_pcd.o
                0x08000c52                HAL_PCD_Start
 .text.HAL_PCD_SetAddress
                0x08000c80       0x28 Drivers\STM32F1xx_HAL_Driver\Src\stm32f1xx_hal_pcd.o
                0x08000c80                HAL_PCD_SetAddress
 .text.HAL_PCD_EP_Open
                0x08000ca8       0x46 Drivers\STM32F1xx_HAL_Driver\Src\stm32f1xx_hal_pcd.o
                0x08000ca8                HAL_PCD_EP_Open
 .text.HAL_PCD_EP_Close
                0x08000cee       0x42 Drivers\STM32F1xx_HAL_Driver\Src\stm32f1xx_hal_pcd.o
                0x08000cee                HAL_PCD_EP_Close
 .text.HAL_PCD_EP_Receive
                0x08000d30       0x30 Drivers\STM32F1xx_HAL_Driver\Src\stm32f1xx_hal_pcd.o
                0x08000d30                HAL_PCD_EP_Receive
 .text.HAL_PCD_EP_GetRxCount
                0x08000d60        0xe Drivers\STM32F1xx_HAL_Driver\Src\stm32f1xx_hal_pcd.o
                0x08000d60                HAL_PCD_EP_GetRxCount
 .text.HAL_PCD_EP_Transmit
                0x08000d6e       0x2c Drivers\STM32F1xx_HAL_Driver\Src\stm32f1xx_hal_pcd.o
                0x08000d6e                HAL_PCD_EP_Transmit
 *fill*         0x08000d9a        0x2 
 .text.HAL_PCD_IRQHandler
                0x08000d9c      0x4f0 Drivers\STM32F1xx_HAL_Driver\Src\stm32f1xx_hal_pcd.o
                0x08000d9c                HAL_PCD_IRQHandler
 .text.HAL_PCD_EP_SetStall
                0x0800128c       0x52 Drivers\STM32F1xx_HAL_Driver\Src\stm32f1xx_hal_pcd.o
                0x0800128c                HAL_PCD_EP_SetStall
 .text.HAL_PCD_EP_ClrStall
                0x080012de       0x46 Drivers\STM32F1xx_HAL_Driver\Src\stm32f1xx_hal_pcd.o
                0x080012de                HAL_PCD_EP_ClrStall
 .text.HAL_PCDEx_PMAConfig
                0x08001324       0x30 Drivers\STM32F1xx_HAL_Driver\Src\stm32f1xx_hal_pcd_ex.o
                0x08001324                HAL_PCDEx_PMAConfig
 .text.HAL_RCC_OscConfig
                0x08001354      0x318 Drivers\STM32F1xx_HAL_Driver\Src\stm32f1xx_hal_rcc.o
                0x08001354                HAL_RCC_OscConfig
 .text.HAL_RCC_GetSysClockFreq
                0x0800166c       0x78 Drivers\STM32F1xx_HAL_Driver\Src\stm32f1xx_hal_rcc.o
                0x0800166c                HAL_RCC_GetSysClockFreq
 .text.HAL_RCC_ClockConfig
                0x080016e4      0x164 Drivers\STM32F1xx_HAL_Driver\Src\stm32f1xx_hal_rcc.o
                0x080016e4                HAL_RCC_ClockConfig
 .text.HAL_RCCEx_PeriphCLKConfig
                0x08001848       0xf0 Drivers\STM32F1xx_HAL_Driver\Src\stm32f1xx_hal_rcc_ex.o
                0x08001848                HAL_RCCEx_PeriphCLKConfig
 .text.TIM_OC1_SetConfig
                0x08001938       0x50 Drivers\STM32F1xx_HAL_Driver\Src\stm32f1xx_hal_tim.o
 .text.TIM_OC3_SetConfig
                0x08001988       0x54 Drivers\STM32F1xx_HAL_Driver\Src\stm32f1xx_hal_tim.o
 .text.TIM_OC4_SetConfig
                0x080019dc       0x44 Drivers\STM32F1xx_HAL_Driver\Src\stm32f1xx_hal_tim.o
 .text.HAL_TIM_PWM_MspInit
                0x08001a20        0x2 Drivers\STM32F1xx_HAL_Driver\Src\stm32f1xx_hal_tim.o
                0x08001a20                HAL_TIM_PWM_MspInit
 .text.HAL_TIM_ConfigClockSource
                0x08001a22      0x172 Drivers\STM32F1xx_HAL_Driver\Src\stm32f1xx_hal_tim.o
                0x08001a22                HAL_TIM_ConfigClockSource
 .text.TIM_Base_SetConfig
                0x08001b94       0x70 Drivers\STM32F1xx_HAL_Driver\Src\stm32f1xx_hal_tim.o
                0x08001b94                TIM_Base_SetConfig
 .text.HAL_TIM_Base_Init
                0x08001c04       0x34 Drivers\STM32F1xx_HAL_Driver\Src\stm32f1xx_hal_tim.o
                0x08001c04                HAL_TIM_Base_Init
 .text.HAL_TIM_PWM_Init
                0x08001c38       0x34 Drivers\STM32F1xx_HAL_Driver\Src\stm32f1xx_hal_tim.o
                0x08001c38                HAL_TIM_PWM_Init
 .text.TIM_OC2_SetConfig
                0x08001c6c       0x58 Drivers\STM32F1xx_HAL_Driver\Src\stm32f1xx_hal_tim.o
                0x08001c6c                TIM_OC2_SetConfig
 .text.HAL_TIM_PWM_ConfigChannel
                0x08001cc4       0xc4 Drivers\STM32F1xx_HAL_Driver\Src\stm32f1xx_hal_tim.o
                0x08001cc4                HAL_TIM_PWM_ConfigChannel
 .text.TIM_CCxChannelCmd
                0x08001d88       0x18 Drivers\STM32F1xx_HAL_Driver\Src\stm32f1xx_hal_tim.o
                0x08001d88                TIM_CCxChannelCmd
 .text.HAL_TIM_PWM_Start
                0x08001da0       0x2c Drivers\STM32F1xx_HAL_Driver\Src\stm32f1xx_hal_tim.o
                0x08001da0                HAL_TIM_PWM_Start
 .text.HAL_TIMEx_ConfigBreakDeadTime
                0x08001dcc       0x4c Drivers\STM32F1xx_HAL_Driver\Src\stm32f1xx_hal_tim_ex.o
                0x08001dcc                HAL_TIMEx_ConfigBreakDeadTime
 .text.HAL_TIMEx_MasterConfigSynchronization
                0x08001e18       0x44 Drivers\STM32F1xx_HAL_Driver\Src\stm32f1xx_hal_tim_ex.o
                0x08001e18                HAL_TIMEx_MasterConfigSynchronization
 .text.USB_CoreInit
                0x08001e5c        0xe Drivers\STM32F1xx_HAL_Driver\Src\stm32f1xx_ll_usb.o
                0x08001e5c                USB_CoreInit
 .text.USB_EnableGlobalInt
                0x08001e6a       0x12 Drivers\STM32F1xx_HAL_Driver\Src\stm32f1xx_ll_usb.o
                0x08001e6a                USB_EnableGlobalInt
 .text.USB_DisableGlobalInt
                0x08001e7c       0x14 Drivers\STM32F1xx_HAL_Driver\Src\stm32f1xx_ll_usb.o
                0x08001e7c                USB_DisableGlobalInt
 .text.USB_SetCurrentMode
                0x08001e90        0x4 Drivers\STM32F1xx_HAL_Driver\Src\stm32f1xx_ll_usb.o
                0x08001e90                USB_SetCurrentMode
 .text.USB_DevInit
                0x08001e94       0x36 Drivers\STM32F1xx_HAL_Driver\Src\stm32f1xx_ll_usb.o
                0x08001e94                USB_DevInit
 *fill*         0x08001eca        0x2 
 .text.USB_ActivateEndpoint
                0x08001ecc      0x2e4 Drivers\STM32F1xx_HAL_Driver\Src\stm32f1xx_ll_usb.o
                0x08001ecc                USB_ActivateEndpoint
 .text.USB_DeactivateEndpoint
                0x080021b0      0x19c Drivers\STM32F1xx_HAL_Driver\Src\stm32f1xx_ll_usb.o
                0x080021b0                USB_DeactivateEndpoint
 .text.USB_EPSetStall
                0x0800234c       0x64 Drivers\STM32F1xx_HAL_Driver\Src\stm32f1xx_ll_usb.o
                0x0800234c                USB_EPSetStall
 .text.USB_EPClearStall
                0x080023b0       0x84 Drivers\STM32F1xx_HAL_Driver\Src\stm32f1xx_ll_usb.o
                0x080023b0                USB_EPClearStall
 .text.USB_SetDevAddress
                0x08002434        0xc Drivers\STM32F1xx_HAL_Driver\Src\stm32f1xx_ll_usb.o
                0x08002434                USB_SetDevAddress
 .text.USB_DevConnect
                0x08002440        0x4 Drivers\STM32F1xx_HAL_Driver\Src\stm32f1xx_ll_usb.o
                0x08002440                USB_DevConnect
 .text.USB_DevDisconnect
                0x08002444        0x4 Drivers\STM32F1xx_HAL_Driver\Src\stm32f1xx_ll_usb.o
                0x08002444                USB_DevDisconnect
 .text.USB_ReadInterrupts
                0x08002448        0x8 Drivers\STM32F1xx_HAL_Driver\Src\stm32f1xx_ll_usb.o
                0x08002448                USB_ReadInterrupts
 .text.USB_EP0_OutStart
                0x08002450        0x4 Drivers\STM32F1xx_HAL_Driver\Src\stm32f1xx_ll_usb.o
                0x08002450                USB_EP0_OutStart
 .text.USB_WritePMA
                0x08002454       0x22 Drivers\STM32F1xx_HAL_Driver\Src\stm32f1xx_ll_usb.o
                0x08002454                USB_WritePMA
 *fill*         0x08002476        0x2 
 .text.USB_EPStartXfer
                0x08002478      0x200 Drivers\STM32F1xx_HAL_Driver\Src\stm32f1xx_ll_usb.o
                0x08002478                USB_EPStartXfer
 .text.USB_ReadPMA
                0x08002678       0x22 Drivers\STM32F1xx_HAL_Driver\Src\stm32f1xx_ll_usb.o
                0x08002678                USB_ReadPMA
 .text.USBD_CDC_DataIn
                0x0800269a       0x12 Middlewares\ST\STM32_USB_Device_Library\Class\CDC\Src\usbd_cdc.o
 .text.USBD_CDC_EP0_RxReady
                0x080026ac       0x28 Middlewares\ST\STM32_USB_Device_Library\Class\CDC\Src\usbd_cdc.o
 .text.USBD_CDC_GetFSCfgDesc
                0x080026d4        0xc Middlewares\ST\STM32_USB_Device_Library\Class\CDC\Src\usbd_cdc.o
 .text.USBD_CDC_GetHSCfgDesc
                0x080026e0        0xc Middlewares\ST\STM32_USB_Device_Library\Class\CDC\Src\usbd_cdc.o
 .text.USBD_CDC_GetOtherSpeedCfgDesc
                0x080026ec        0xc Middlewares\ST\STM32_USB_Device_Library\Class\CDC\Src\usbd_cdc.o
 .text.USBD_CDC_GetDeviceQualifierDescriptor
                0x080026f8        0xc Middlewares\ST\STM32_USB_Device_Library\Class\CDC\Src\usbd_cdc.o
                0x080026f8                USBD_CDC_GetDeviceQualifierDescriptor
 .text.USBD_CDC_DataOut
                0x08002704       0x2e Middlewares\ST\STM32_USB_Device_Library\Class\CDC\Src\usbd_cdc.o
 *fill*         0x08002732        0x2 
 .text.USBD_CDC_Setup
                0x08002734       0x68 Middlewares\ST\STM32_USB_Device_Library\Class\CDC\Src\usbd_cdc.o
 .text.USBD_CDC_DeInit
                0x0800279c       0x3a Middlewares\ST\STM32_USB_Device_Library\Class\CDC\Src\usbd_cdc.o
 .text.USBD_CDC_Init
                0x080027d6       0x8c Middlewares\ST\STM32_USB_Device_Library\Class\CDC\Src\usbd_cdc.o
 .text.USBD_CDC_RegisterInterface
                0x08002862        0xe Middlewares\ST\STM32_USB_Device_Library\Class\CDC\Src\usbd_cdc.o
                0x08002862                USBD_CDC_RegisterInterface
 .text.USBD_CDC_SetTxBuffer
                0x08002870       0x10 Middlewares\ST\STM32_USB_Device_Library\Class\CDC\Src\usbd_cdc.o
                0x08002870                USBD_CDC_SetTxBuffer
 .text.USBD_CDC_SetRxBuffer
                0x08002880        0xc Middlewares\ST\STM32_USB_Device_Library\Class\CDC\Src\usbd_cdc.o
                0x08002880                USBD_CDC_SetRxBuffer
 .text.USBD_CDC_ReceivePacket
                0x0800288c       0x26 Middlewares\ST\STM32_USB_Device_Library\Class\CDC\Src\usbd_cdc.o
                0x0800288c                USBD_CDC_ReceivePacket
 .text.USBD_Init
                0x080028b2       0x2a Middlewares\ST\STM32_USB_Device_Library\Core\Src\usbd_core.o
                0x080028b2                USBD_Init
 .text.USBD_RegisterClass
                0x080028dc        0xe Middlewares\ST\STM32_USB_Device_Library\Core\Src\usbd_core.o
                0x080028dc                USBD_RegisterClass
 .text.USBD_Start
                0x080028ea        0xa Middlewares\ST\STM32_USB_Device_Library\Core\Src\usbd_core.o
                0x080028ea                USBD_Start
 .text.USBD_SetClassConfig
                0x080028f4       0x16 Middlewares\ST\STM32_USB_Device_Library\Core\Src\usbd_core.o
                0x080028f4                USBD_SetClassConfig
 .text.USBD_ClrClassConfig
                0x0800290a        0xe Middlewares\ST\STM32_USB_Device_Library\Core\Src\usbd_core.o
                0x0800290a                USBD_ClrClassConfig
 .text.USBD_LL_SetupStage
                0x08002918       0x5a Middlewares\ST\STM32_USB_Device_Library\Core\Src\usbd_core.o
                0x08002918                USBD_LL_SetupStage
 .text.USBD_LL_DataOutStage
                0x08002972       0x64 Middlewares\ST\STM32_USB_Device_Library\Core\Src\usbd_core.o
                0x08002972                USBD_LL_DataOutStage
 .text.USBD_LL_DataInStage
                0x080029d6       0x9e Middlewares\ST\STM32_USB_Device_Library\Core\Src\usbd_core.o
                0x080029d6                USBD_LL_DataInStage
 .text.USBD_LL_Reset
                0x08002a74       0x3e Middlewares\ST\STM32_USB_Device_Library\Core\Src\usbd_core.o
                0x08002a74                USBD_LL_Reset
 .text.USBD_LL_SetSpeed
                0x08002ab2        0x6 Middlewares\ST\STM32_USB_Device_Library\Core\Src\usbd_core.o
                0x08002ab2                USBD_LL_SetSpeed
 .text.USBD_LL_Suspend
                0x08002ab8       0x12 Middlewares\ST\STM32_USB_Device_Library\Core\Src\usbd_core.o
                0x08002ab8                USBD_LL_Suspend
 .text.USBD_LL_Resume
                0x08002aca        0xc Middlewares\ST\STM32_USB_Device_Library\Core\Src\usbd_core.o
                0x08002aca                USBD_LL_Resume
 .text.USBD_LL_SOF
                0x08002ad6       0x18 Middlewares\ST\STM32_USB_Device_Library\Core\Src\usbd_core.o
                0x08002ad6                USBD_LL_SOF
 .text.USBD_CtlError.constprop.0
                0x08002aee       0x16 Middlewares\ST\STM32_USB_Device_Library\Core\Src\usbd_ctlreq.o
 .text.USBD_StdDevReq
                0x08002b04      0x1f4 Middlewares\ST\STM32_USB_Device_Library\Core\Src\usbd_ctlreq.o
                0x08002b04                USBD_StdDevReq
 .text.USBD_StdItfReq
                0x08002cf8       0x30 Middlewares\ST\STM32_USB_Device_Library\Core\Src\usbd_ctlreq.o
                0x08002cf8                USBD_StdItfReq
 .text.USBD_StdEPReq
                0x08002d28       0xc6 Middlewares\ST\STM32_USB_Device_Library\Core\Src\usbd_ctlreq.o
                0x08002d28                USBD_StdEPReq
 .text.USBD_ParseSetupRequest
                0x08002dee       0x28 Middlewares\ST\STM32_USB_Device_Library\Core\Src\usbd_ctlreq.o
                0x08002dee                USBD_ParseSetupRequest
 .text.USBD_GetString
                0x08002e16       0x38 Middlewares\ST\STM32_USB_Device_Library\Core\Src\usbd_ctlreq.o
                0x08002e16                USBD_GetString
 .text.USBD_CtlSendData
                0x08002e4e       0x1a Middlewares\ST\STM32_USB_Device_Library\Core\Src\usbd_ioreq.o
                0x08002e4e                USBD_CtlSendData
 .text.USBD_CtlContinueSendData
                0x08002e68       0x10 Middlewares\ST\STM32_USB_Device_Library\Core\Src\usbd_ioreq.o
                0x08002e68                USBD_CtlContinueSendData
 .text.USBD_CtlPrepareRx
                0x08002e78       0x1e Middlewares\ST\STM32_USB_Device_Library\Core\Src\usbd_ioreq.o
                0x08002e78                USBD_CtlPrepareRx
 .text.USBD_CtlContinueRx
                0x08002e96       0x10 Middlewares\ST\STM32_USB_Device_Library\Core\Src\usbd_ioreq.o
                0x08002e96                USBD_CtlContinueRx
 .text.USBD_CtlSendStatus
                0x08002ea6       0x16 Middlewares\ST\STM32_USB_Device_Library\Core\Src\usbd_ioreq.o
                0x08002ea6                USBD_CtlSendStatus
 .text.USBD_CtlReceiveStatus
                0x08002ebc       0x16 Middlewares\ST\STM32_USB_Device_Library\Core\Src\usbd_ioreq.o
                0x08002ebc                USBD_CtlReceiveStatus
 *fill*         0x08002ed2        0x2 
 .text.MX_ADC1_Init
                0x08002ed4       0xc0 Src\adc.o
                0x08002ed4                MX_ADC1_Init
 .text.HAL_ADC_MspInit
                0x08002f94       0x94 Src\adc.o
                0x08002f94                HAL_ADC_MspInit
 .text.MX_DMA_Init
                0x08003028       0x30 Src\dma.o
                0x08003028                MX_DMA_Init
 .text.MX_GPIO_Init
                0x08003058       0xe8 Src\gpio.o
                0x08003058                MX_GPIO_Init
 .text.ruchPrzod
                0x08003140       0x6c Src\main.o
                0x08003140                ruchPrzod
 .text.SystemClock_Config
                0x080031ac       0x78 Src\main.o
                0x080031ac                SystemClock_Config
 .text.startup.main
                0x08003224       0x5c Src\main.o
                0x08003224                main
 .text.HAL_GPIO_EXTI_Callback
                0x08003280       0x58 Src\main.o
                0x08003280                HAL_GPIO_EXTI_Callback
 .text.Error_Handler
                0x080032d8        0x2 Src\main.o
                0x080032d8                Error_Handler
 *fill*         0x080032da        0x2 
 .text.HAL_MspInit
                0x080032dc       0x44 Src\stm32f1xx_hal_msp.o
                0x080032dc                HAL_MspInit
 .text.NMI_Handler
                0x08003320        0x2 Src\stm32f1xx_it.o
                0x08003320                NMI_Handler
 .text.HardFault_Handler
                0x08003322        0x2 Src\stm32f1xx_it.o
                0x08003322                HardFault_Handler
 .text.MemManage_Handler
                0x08003324        0x2 Src\stm32f1xx_it.o
                0x08003324                MemManage_Handler
 .text.BusFault_Handler
                0x08003326        0x2 Src\stm32f1xx_it.o
                0x08003326                BusFault_Handler
 .text.UsageFault_Handler
                0x08003328        0x2 Src\stm32f1xx_it.o
                0x08003328                UsageFault_Handler
 .text.SVC_Handler
                0x0800332a        0x2 Src\stm32f1xx_it.o
                0x0800332a                SVC_Handler
 .text.DebugMon_Handler
                0x0800332c        0x2 Src\stm32f1xx_it.o
                0x0800332c                DebugMon_Handler
 .text.PendSV_Handler
                0x0800332e        0x2 Src\stm32f1xx_it.o
                0x0800332e                PendSV_Handler
 .text.SysTick_Handler
                0x08003330        0x4 Src\stm32f1xx_it.o
                0x08003330                SysTick_Handler
 .text.EXTI4_IRQHandler
                0x08003334        0x6 Src\stm32f1xx_it.o
                0x08003334                EXTI4_IRQHandler
 *fill*         0x0800333a        0x2 
 .text.DMA1_Channel1_IRQHandler
                0x0800333c        0xc Src\stm32f1xx_it.o
                0x0800333c                DMA1_Channel1_IRQHandler
 .text.USB_LP_CAN1_RX0_IRQHandler
                0x08003348        0xc Src\stm32f1xx_it.o
                0x08003348                USB_LP_CAN1_RX0_IRQHandler
 .text.SystemInit
                0x08003354       0x4c Src\system_stm32f1xx.o
                0x08003354                SystemInit
 .text.HAL_TIM_Base_MspInit
                0x080033a0       0x28 Src\tim.o
                0x080033a0                HAL_TIM_Base_MspInit
 .text.HAL_TIM_MspPostInit
                0x080033c8       0x50 Src\tim.o
                0x080033c8                HAL_TIM_MspPostInit
 .text.MX_TIM1_Init
                0x08003418       0xe4 Src\tim.o
                0x08003418                MX_TIM1_Init
 .text.MX_USB_DEVICE_Init
                0x080034fc       0x50 Src\usb_device.o
                0x080034fc                MX_USB_DEVICE_Init
 .text.CDC_DeInit_FS
                0x0800354c        0x4 Src\usbd_cdc_if.o
 .text.CDC_Control_FS
                0x08003550        0x4 Src\usbd_cdc_if.o
 .text.CDC_Receive_FS
                0x08003554       0x1c Src\usbd_cdc_if.o
 .text.CDC_Init_FS
                0x08003570       0x28 Src\usbd_cdc_if.o
 .text.HAL_PCD_MspInit
                0x08003598       0x3c Src\usbd_conf.o
                0x08003598                HAL_PCD_MspInit
 .text.HAL_PCD_SetupStageCallback
                0x080035d4        0xc Src\usbd_conf.o
                0x080035d4                HAL_PCD_SetupStageCallback
 .text.HAL_PCD_DataOutStageCallback
                0x080035e0       0x10 Src\usbd_conf.o
                0x080035e0                HAL_PCD_DataOutStageCallback
 .text.HAL_PCD_DataInStageCallback
                0x080035f0        0xe Src\usbd_conf.o
                0x080035f0                HAL_PCD_DataInStageCallback
 .text.HAL_PCD_SOFCallback
                0x080035fe        0x8 Src\usbd_conf.o
                0x080035fe                HAL_PCD_SOFCallback
 .text.HAL_PCD_ResetCallback
                0x08003606       0x24 Src\usbd_conf.o
                0x08003606                HAL_PCD_ResetCallback
 *fill*         0x0800362a        0x2 
 .text.HAL_PCD_SuspendCallback
                0x0800362c       0x20 Src\usbd_conf.o
                0x0800362c                HAL_PCD_SuspendCallback
 .text.HAL_PCD_ResumeCallback
                0x0800364c        0x8 Src\usbd_conf.o
                0x0800364c                HAL_PCD_ResumeCallback
 .text.USBD_LL_Init
                0x08003654       0x80 Src\usbd_conf.o
                0x08003654                USBD_LL_Init
 .text.USBD_LL_Start
                0x080036d4       0x1c Src\usbd_conf.o
                0x080036d4                USBD_LL_Start
 .text.USBD_LL_OpenEP
                0x080036f0       0x20 Src\usbd_conf.o
                0x080036f0                USBD_LL_OpenEP
 .text.USBD_LL_CloseEP
                0x08003710       0x1c Src\usbd_conf.o
                0x08003710                USBD_LL_CloseEP
 .text.USBD_LL_StallEP
                0x0800372c       0x1c Src\usbd_conf.o
                0x0800372c                USBD_LL_StallEP
 .text.USBD_LL_ClearStallEP
                0x08003748       0x1c Src\usbd_conf.o
                0x08003748                USBD_LL_ClearStallEP
 .text.USBD_LL_IsStallEP
                0x08003764       0x20 Src\usbd_conf.o
                0x08003764                USBD_LL_IsStallEP
 .text.USBD_LL_SetUSBAddress
                0x08003784       0x1c Src\usbd_conf.o
                0x08003784                USBD_LL_SetUSBAddress
 .text.USBD_LL_Transmit
                0x080037a0       0x1c Src\usbd_conf.o
                0x080037a0                USBD_LL_Transmit
 .text.USBD_LL_PrepareReceive
                0x080037bc       0x1c Src\usbd_conf.o
                0x080037bc                USBD_LL_PrepareReceive
 .text.USBD_LL_GetRxDataSize
                0x080037d8        0xc Src\usbd_conf.o
                0x080037d8                USBD_LL_GetRxDataSize
 .text.USBD_static_malloc
                0x080037e4        0x8 Src\usbd_conf.o
                0x080037e4                USBD_static_malloc
 .text.USBD_static_free
                0x080037ec        0x2 Src\usbd_conf.o
                0x080037ec                USBD_static_free
 .text.HAL_PCDEx_SetConnectionState
                0x080037ee        0x2 Src\usbd_conf.o
                0x080037ee                HAL_PCDEx_SetConnectionState
 .text.USBD_FS_DeviceDescriptor
                0x080037f0        0xc Src\usbd_desc.o
                0x080037f0                USBD_FS_DeviceDescriptor
 .text.USBD_FS_LangIDStrDescriptor
                0x080037fc        0xc Src\usbd_desc.o
                0x080037fc                USBD_FS_LangIDStrDescriptor
 .text.IntToUnicode
                0x08003808       0x28 Src\usbd_desc.o
 .text.USBD_FS_SerialStrDescriptor
                0x08003830       0x40 Src\usbd_desc.o
                0x08003830                USBD_FS_SerialStrDescriptor
 .text.USBD_FS_ManufacturerStrDescriptor
                0x08003870       0x1c Src\usbd_desc.o
                0x08003870                USBD_FS_ManufacturerStrDescriptor
 .text.USBD_FS_ProductStrDescriptor
                0x0800388c       0x1c Src\usbd_desc.o
                0x0800388c                USBD_FS_ProductStrDescriptor
 .text.USBD_FS_ConfigStrDescriptor
                0x080038a8       0x1c Src\usbd_desc.o
                0x080038a8                USBD_FS_ConfigStrDescriptor
 .text.USBD_FS_InterfaceStrDescriptor
                0x080038c4       0x1c Src\usbd_desc.o
                0x080038c4                USBD_FS_InterfaceStrDescriptor
 .text.Reset_Handler
                0x080038e0       0x48 startup\startup_stm32f103xb.o
                0x080038e0                Reset_Handler
 .text.Default_Handler
                0x08003928        0x2 startup\startup_stm32f103xb.o
                0x08003928                RTC_Alarm_IRQHandler
                0x08003928                EXTI2_IRQHandler
                0x08003928                TIM1_CC_IRQHandler
                0x08003928                PVD_IRQHandler
                0x08003928                EXTI3_IRQHandler
                0x08003928                EXTI0_IRQHandler
                0x08003928                I2C2_EV_IRQHandler
                0x08003928                ADC1_2_IRQHandler
                0x08003928                SPI1_IRQHandler
                0x08003928                TAMPER_IRQHandler
                0x08003928                DMA1_Channel4_IRQHandler
                0x08003928                USART3_IRQHandler
                0x08003928                RTC_IRQHandler
                0x08003928                DMA1_Channel7_IRQHandler
                0x08003928                CAN1_RX1_IRQHandler
                0x08003928                TIM4_IRQHandler
                0x08003928                I2C1_EV_IRQHandler
                0x08003928                DMA1_Channel6_IRQHandler
                0x08003928                TIM3_IRQHandler
                0x08003928                RCC_IRQHandler
                0x08003928                TIM1_TRG_COM_IRQHandler
                0x08003928                Default_Handler
                0x08003928                EXTI15_10_IRQHandler
                0x08003928                EXTI9_5_IRQHandler
                0x08003928                SPI2_IRQHandler
                0x08003928                DMA1_Channel5_IRQHandler
                0x08003928                USB_HP_CAN1_TX_IRQHandler
                0x08003928                DMA1_Channel3_IRQHandler
                0x08003928                TIM1_UP_IRQHandler
                0x08003928                WWDG_IRQHandler
                0x08003928                TIM2_IRQHandler
                0x08003928                TIM1_BRK_IRQHandler
                0x08003928                EXTI1_IRQHandler
                0x08003928                USART2_IRQHandler
                0x08003928                I2C2_ER_IRQHandler
                0x08003928                DMA1_Channel2_IRQHandler
                0x08003928                CAN1_SCE_IRQHandler
                0x08003928                FLASH_IRQHandler
                0x08003928                USART1_IRQHandler
                0x08003928                I2C1_ER_IRQHandler
                0x08003928                USBWakeUp_IRQHandler
 *fill*         0x0800392a        0x2 
 .text.__libc_init_array
                0x0800392c       0x48 e:/program files (x86)/atollic/truestudio for stm32 9.3.0/armtools/bin/../lib/gcc/arm-atollic-eabi/6.3.1/../../../../arm-atollic-eabi/lib/armv7-m\libc_nano.a(lib_a-init.o)
                0x0800392c                __libc_init_array
 .text.memset   0x08003974       0x10 e:/program files (x86)/atollic/truestudio for stm32 9.3.0/armtools/bin/../lib/gcc/arm-atollic-eabi/6.3.1/../../../../arm-atollic-eabi/lib/armv7-m\libc_nano.a(lib_a-memset.o)
                0x08003974                memset
 *(.glue_7)
 .glue_7        0x08003984        0x0 linker stubs
 *(.glue_7t)
 .glue_7t       0x08003984        0x0 linker stubs
 *(.eh_frame)
 .eh_frame      0x08003984        0x0 e:/program files (x86)/atollic/truestudio for stm32 9.3.0/armtools/bin/../lib/gcc/arm-atollic-eabi/6.3.1/armv7-m/crtbegin.o
 *(.init)
 .init          0x08003984        0x4 e:/program files (x86)/atollic/truestudio for stm32 9.3.0/armtools/bin/../lib/gcc/arm-atollic-eabi/6.3.1/armv7-m/crti.o
                0x08003984                _init
 .init          0x08003988        0x8 e:/program files (x86)/atollic/truestudio for stm32 9.3.0/armtools/bin/../lib/gcc/arm-atollic-eabi/6.3.1/armv7-m/crtn.o
 *(.fini)
 .fini          0x08003990        0x4 e:/program files (x86)/atollic/truestudio for stm32 9.3.0/armtools/bin/../lib/gcc/arm-atollic-eabi/6.3.1/armv7-m/crti.o
                0x08003990                _fini
 .fini          0x08003994        0x8 e:/program files (x86)/atollic/truestudio for stm32 9.3.0/armtools/bin/../lib/gcc/arm-atollic-eabi/6.3.1/armv7-m/crtn.o
                0x0800399c                . = ALIGN (0x4)
                0x0800399c                _etext = .

.vfp11_veneer   0x0800399c        0x0
 .vfp11_veneer  0x0800399c        0x0 linker stubs

.v4_bx          0x0800399c        0x0
 .v4_bx         0x0800399c        0x0 linker stubs

.iplt           0x0800399c        0x0
 .iplt          0x0800399c        0x0 e:/program files (x86)/atollic/truestudio for stm32 9.3.0/armtools/bin/../lib/gcc/arm-atollic-eabi/6.3.1/armv7-m/crtbegin.o

.rodata         0x0800399c       0x68
                0x0800399c                . = ALIGN (0x4)
 *(.rodata)
 .rodata        0x0800399c       0x10 Drivers\STM32F1xx_HAL_Driver\Src\stm32f1xx_hal_rcc.o
 *(.rodata*)
 .rodata.AHBPrescTable
                0x080039ac       0x10 Src\system_stm32f1xx.o
                0x080039ac                AHBPrescTable
 .rodata.CSWTCH.4
                0x080039bc        0x4 Src\usbd_conf.o
 .rodata.USBD_FS_ConfigStrDescriptor.str1.1
                0x080039c0        0xb Src\usbd_desc.o
 .rodata.USBD_FS_InterfaceStrDescriptor.str1.1
                0x080039cb        0xe Src\usbd_desc.o
 .rodata.USBD_FS_ManufacturerStrDescriptor.str1.1
                0x080039d9       0x13 Src\usbd_desc.o
 .rodata.USBD_FS_ProductStrDescriptor.str1.1
                0x080039ec       0x16 Src\usbd_desc.o
                0x08003a04                . = ALIGN (0x4)
 *fill*         0x08003a02        0x2 

.rel.dyn        0x08003a04        0x0
 .rel.iplt      0x08003a04        0x0 e:/program files (x86)/atollic/truestudio for stm32 9.3.0/armtools/bin/../lib/gcc/arm-atollic-eabi/6.3.1/armv7-m/crtbegin.o

.ARM.extab
 *(.ARM.extab* .gnu.linkonce.armextab.*)

.ARM            0x08003a04        0x0
                0x08003a04                __exidx_start = .
 *(.ARM.exidx*)
                0x08003a04                __exidx_end = .

.preinit_array  0x08003a04        0x0
                0x08003a04                PROVIDE (__preinit_array_start, .)
 *(.preinit_array*)
                0x08003a04                PROVIDE (__preinit_array_end, .)

.init_array     0x08003a04        0x4
                0x08003a04                PROVIDE (__init_array_start, .)
 *(SORT(.init_array.*))
 *(.init_array*)
 .init_array    0x08003a04        0x4 e:/program files (x86)/atollic/truestudio for stm32 9.3.0/armtools/bin/../lib/gcc/arm-atollic-eabi/6.3.1/armv7-m/crtbegin.o
                0x08003a08                PROVIDE (__init_array_end, .)

.fini_array     0x08003a08        0x4
                [!provide]                PROVIDE (__fini_array_start, .)
 *(SORT(.fini_array.*))
 *(.fini_array*)
 .fini_array    0x08003a08        0x4 e:/program files (x86)/atollic/truestudio for stm32 9.3.0/armtools/bin/../lib/gcc/arm-atollic-eabi/6.3.1/armv7-m/crtbegin.o
                [!provide]                PROVIDE (__fini_array_end, .)
                0x08003a0c                _sidata = LOADADDR (.data)

.data           0x20000000      0x17c load address 0x08003a0c
                0x20000000                . = ALIGN (0x4)
                0x20000000                _sdata = .
 *(.data)
 *(.data*)
 .data.uwTickFreq
                0x20000000        0x1 Drivers\STM32F1xx_HAL_Driver\Src\stm32f1xx_hal.o
                0x20000000                uwTickFreq
 *fill*         0x20000001        0x3 
 .data.uwTickPrio
                0x20000004        0x4 Drivers\STM32F1xx_HAL_Driver\Src\stm32f1xx_hal.o
                0x20000004                uwTickPrio
 .data.USBD_CDC
                0x20000008       0x38 Middlewares\ST\STM32_USB_Device_Library\Class\CDC\Src\usbd_cdc.o
                0x20000008                USBD_CDC
 .data.USBD_CDC_CfgFSDesc
                0x20000040       0x43 Middlewares\ST\STM32_USB_Device_Library\Class\CDC\Src\usbd_cdc.o
                0x20000040                USBD_CDC_CfgFSDesc
 *fill*         0x20000083        0x1 
 .data.USBD_CDC_CfgHSDesc
                0x20000084       0x43 Middlewares\ST\STM32_USB_Device_Library\Class\CDC\Src\usbd_cdc.o
                0x20000084                USBD_CDC_CfgHSDesc
 *fill*         0x200000c7        0x1 
 .data.USBD_CDC_DeviceQualifierDesc
                0x200000c8        0xa Middlewares\ST\STM32_USB_Device_Library\Class\CDC\Src\usbd_cdc.o
 *fill*         0x200000d2        0x2 
 .data.USBD_CDC_OtherSpeedCfgDesc
                0x200000d4       0x43 Middlewares\ST\STM32_USB_Device_Library\Class\CDC\Src\usbd_cdc.o
                0x200000d4                USBD_CDC_OtherSpeedCfgDesc
 .data.PoprzedniStanPrzycisku
                0x20000117        0x1 Src\main.o
                0x20000117                PoprzedniStanPrzycisku
 .data.SystemCoreClock
                0x20000118        0x4 Src\system_stm32f1xx.o
                0x20000118                SystemCoreClock
 .data.USBD_Interface_fops_FS
                0x2000011c       0x10 Src\usbd_cdc_if.o
                0x2000011c                USBD_Interface_fops_FS
 .data.FS_Desc  0x2000012c       0x1c Src\usbd_desc.o
                0x2000012c                FS_Desc
 .data.USBD_FS_DeviceDesc
                0x20000148       0x12 Src\usbd_desc.o
                0x20000148                USBD_FS_DeviceDesc
 *fill*         0x2000015a        0x2 
 .data.USBD_LangIDDesc
                0x2000015c        0x4 Src\usbd_desc.o
                0x2000015c                USBD_LangIDDesc
 .data.USBD_StringSerial
                0x20000160       0x1a Src\usbd_desc.o
                0x20000160                USBD_StringSerial
                0x2000017c                . = ALIGN (0x4)
 *fill*         0x2000017a        0x2 
                0x2000017c                _edata = .

.igot.plt       0x2000017c        0x0 load address 0x08003b88
 .igot.plt      0x2000017c        0x0 e:/program files (x86)/atollic/truestudio for stm32 9.3.0/armtools/bin/../lib/gcc/arm-atollic-eabi/6.3.1/armv7-m/crtbegin.o
                0x2000017c                . = ALIGN (0x4)

.bss            0x2000017c     0x1364 load address 0x08003b88
                0x2000017c                _sbss = .
                0x2000017c                __bss_start__ = _sbss
 *(.bss)
 .bss           0x2000017c       0x1c e:/program files (x86)/atollic/truestudio for stm32 9.3.0/armtools/bin/../lib/gcc/arm-atollic-eabi/6.3.1/armv7-m/crtbegin.o
 *(.bss*)
 .bss.ifalt.8098
                0x20000198        0x1 Middlewares\ST\STM32_USB_Device_Library\Class\CDC\Src\usbd_cdc.o
 .bss.cfgidx.8103
                0x20000199        0x1 Middlewares\ST\STM32_USB_Device_Library\Core\Src\usbd_ctlreq.o
 *fill*         0x2000019a        0x2 
 .bss.mem.8186  0x2000019c      0x220 Src\usbd_conf.o
 *(COMMON)
 COMMON         0x200003bc        0x4 Drivers\STM32F1xx_HAL_Driver\Src\stm32f1xx_hal.o
                0x200003bc                uwTick
 COMMON         0x200003c0       0x74 Src\adc.o
                0x200003c0                hadc1
                0x200003f0                hdma_adc1
 COMMON         0x20000434       0x18 Src\main.o
                0x20000434                PoprzedniCzasPrzycisku
                0x20000438                StanPrzycisku
                0x2000043c                adc
 COMMON         0x2000044c       0x40 Src\tim.o
                0x2000044c                htim1
 COMMON         0x2000048c      0x224 Src\usb_device.o
                0x2000048c                hUsbDeviceFS
 COMMON         0x200006b0      0x7d0 Src\usbd_cdc_if.o
                0x200006b0                UserRxBufferFS
                0x20000a98                UserTxBufferFS
 COMMON         0x20000e80      0x460 Src\usbd_conf.o
                0x20000e80                hpcd_USB_FS
 COMMON         0x200012e0      0x200 Src\usbd_desc.o
                0x200012e0                USBD_StrDesc
                0x200014e0                . = ALIGN (0x4)
                0x200014e0                _ebss = .
                0x200014e0                __bss_end__ = _ebss

._user_heap_stack
                0x200014e0      0x600 load address 0x08003b88
                0x200014e0                . = ALIGN (0x4)
                0x200014e0                PROVIDE (end, .)
                [!provide]                PROVIDE (_end, .)
                0x200016e0                . = (. + _Min_Heap_Size)
 *fill*         0x200014e0      0x200 
                0x20001ae0                . = (. + _Min_Stack_Size)
 *fill*         0x200016e0      0x400 
                0x20001ae0                . = ALIGN (0x4)

/DISCARD/
 libc.a(*)
 libm.a(*)
 libgcc.a(*)

.ARM.attributes
                0x00000000       0x29
 *(.ARM.attributes)
 .ARM.attributes
                0x00000000       0x1d e:/program files (x86)/atollic/truestudio for stm32 9.3.0/armtools/bin/../lib/gcc/arm-atollic-eabi/6.3.1/armv7-m/crti.o
 .ARM.attributes
                0x0000001d       0x2d e:/program files (x86)/atollic/truestudio for stm32 9.3.0/armtools/bin/../lib/gcc/arm-atollic-eabi/6.3.1/armv7-m/crtbegin.o
 .ARM.attributes
                0x0000004a       0x33 Drivers\STM32F1xx_HAL_Driver\Src\stm32f1xx_hal.o
 .ARM.attributes
                0x0000007d       0x33 Drivers\STM32F1xx_HAL_Driver\Src\stm32f1xx_hal_adc.o
 .ARM.attributes
                0x000000b0       0x33 Drivers\STM32F1xx_HAL_Driver\Src\stm32f1xx_hal_cortex.o
 .ARM.attributes
                0x000000e3       0x33 Drivers\STM32F1xx_HAL_Driver\Src\stm32f1xx_hal_dma.o
 .ARM.attributes
                0x00000116       0x33 Drivers\STM32F1xx_HAL_Driver\Src\stm32f1xx_hal_gpio.o
 .ARM.attributes
                0x00000149       0x33 Drivers\STM32F1xx_HAL_Driver\Src\stm32f1xx_hal_pcd.o
 .ARM.attributes
                0x0000017c       0x33 Drivers\STM32F1xx_HAL_Driver\Src\stm32f1xx_hal_pcd_ex.o
 .ARM.attributes
                0x000001af       0x33 Drivers\STM32F1xx_HAL_Driver\Src\stm32f1xx_hal_rcc.o
 .ARM.attributes
                0x000001e2       0x33 Drivers\STM32F1xx_HAL_Driver\Src\stm32f1xx_hal_rcc_ex.o
 .ARM.attributes
                0x00000215       0x33 Drivers\STM32F1xx_HAL_Driver\Src\stm32f1xx_hal_tim.o
 .ARM.attributes
                0x00000248       0x33 Drivers\STM32F1xx_HAL_Driver\Src\stm32f1xx_hal_tim_ex.o
 .ARM.attributes
                0x0000027b       0x33 Drivers\STM32F1xx_HAL_Driver\Src\stm32f1xx_ll_usb.o
 .ARM.attributes
                0x000002ae       0x33 Middlewares\ST\STM32_USB_Device_Library\Class\CDC\Src\usbd_cdc.o
 .ARM.attributes
                0x000002e1       0x33 Middlewares\ST\STM32_USB_Device_Library\Core\Src\usbd_core.o
 .ARM.attributes
                0x00000314       0x33 Middlewares\ST\STM32_USB_Device_Library\Core\Src\usbd_ctlreq.o
 .ARM.attributes
                0x00000347       0x33 Middlewares\ST\STM32_USB_Device_Library\Core\Src\usbd_ioreq.o
 .ARM.attributes
                0x0000037a       0x33 Src\adc.o
 .ARM.attributes
                0x000003ad       0x33 Src\dma.o
 .ARM.attributes
                0x000003e0       0x33 Src\gpio.o
 .ARM.attributes
                0x00000413       0x33 Src\main.o
 .ARM.attributes
                0x00000446       0x33 Src\stm32f1xx_hal_msp.o
 .ARM.attributes
                0x00000479       0x33 Src\stm32f1xx_it.o
 .ARM.attributes
                0x000004ac       0x33 Src\system_stm32f1xx.o
 .ARM.attributes
                0x000004df       0x33 Src\tim.o
 .ARM.attributes
                0x00000512       0x33 Src\usb_device.o
 .ARM.attributes
                0x00000545       0x33 Src\usbd_cdc_if.o
 .ARM.attributes
                0x00000578       0x33 Src\usbd_conf.o
 .ARM.attributes
                0x000005ab       0x33 Src\usbd_desc.o
 .ARM.attributes
                0x000005de       0x21 startup\startup_stm32f103xb.o
 .ARM.attributes
                0x000005ff       0x2d e:/program files (x86)/atollic/truestudio for stm32 9.3.0/armtools/bin/../lib/gcc/arm-atollic-eabi/6.3.1/../../../../arm-atollic-eabi/lib/armv7-m\libc_nano.a(lib_a-init.o)
 .ARM.attributes
                0x0000062c       0x2d e:/program files (x86)/atollic/truestudio for stm32 9.3.0/armtools/bin/../lib/gcc/arm-atollic-eabi/6.3.1/../../../../arm-atollic-eabi/lib/armv7-m\libc_nano.a(lib_a-memset.o)
 .ARM.attributes
                0x00000659       0x1d e:/program files (x86)/atollic/truestudio for stm32 9.3.0/armtools/bin/../lib/gcc/arm-atollic-eabi/6.3.1/armv7-m/crtn.o
OUTPUT(Noise_robot.elf elf32-littlearm)

.debug_info     0x00000000    0x23294
 .debug_info    0x00000000      0xfc8 Drivers\STM32F1xx_HAL_Driver\Src\stm32f1xx_hal.o
 .debug_info    0x00000fc8     0x16a1 Drivers\STM32F1xx_HAL_Driver\Src\stm32f1xx_hal_adc.o
 .debug_info    0x00002669     0x14a9 Drivers\STM32F1xx_HAL_Driver\Src\stm32f1xx_hal_cortex.o
 .debug_info    0x00003b12     0x1047 Drivers\STM32F1xx_HAL_Driver\Src\stm32f1xx_hal_dma.o
 .debug_info    0x00004b59      0xec2 Drivers\STM32F1xx_HAL_Driver\Src\stm32f1xx_hal_gpio.o
 .debug_info    0x00005a1b     0x19bf Drivers\STM32F1xx_HAL_Driver\Src\stm32f1xx_hal_pcd.o
 .debug_info    0x000073da      0xe43 Drivers\STM32F1xx_HAL_Driver\Src\stm32f1xx_hal_pcd_ex.o
 .debug_info    0x0000821d     0x123d Drivers\STM32F1xx_HAL_Driver\Src\stm32f1xx_hal_rcc.o
 .debug_info    0x0000945a      0xc9d Drivers\STM32F1xx_HAL_Driver\Src\stm32f1xx_hal_rcc_ex.o
 .debug_info    0x0000a0f7     0x3bb9 Drivers\STM32F1xx_HAL_Driver\Src\stm32f1xx_hal_tim.o
 .debug_info    0x0000dcb0     0x1989 Drivers\STM32F1xx_HAL_Driver\Src\stm32f1xx_hal_tim_ex.o
 .debug_info    0x0000f639     0x1746 Drivers\STM32F1xx_HAL_Driver\Src\stm32f1xx_ll_usb.o
 .debug_info    0x00010d7f     0x153c Middlewares\ST\STM32_USB_Device_Library\Class\CDC\Src\usbd_cdc.o
 .debug_info    0x000122bb     0x14ac Middlewares\ST\STM32_USB_Device_Library\Core\Src\usbd_core.o
 .debug_info    0x00013767     0x14df Middlewares\ST\STM32_USB_Device_Library\Core\Src\usbd_ctlreq.o
 .debug_info    0x00014c46     0x100b Middlewares\ST\STM32_USB_Device_Library\Core\Src\usbd_ioreq.o
 .debug_info    0x00015c51     0x1249 Src\adc.o
 .debug_info    0x00016e9a      0xbc8 Src\dma.o
 .debug_info    0x00017a62      0xde0 Src\gpio.o
 .debug_info    0x00018842     0x1f09 Src\main.o
 .debug_info    0x0001a74b      0xad2 Src\stm32f1xx_hal_msp.o
 .debug_info    0x0001b21d     0x108c Src\stm32f1xx_it.o
 .debug_info    0x0001c2a9      0xc4d Src\system_stm32f1xx.o
 .debug_info    0x0001cef6     0x13e8 Src\tim.o
 .debug_info    0x0001e2de      0xf1a Src\usb_device.o
 .debug_info    0x0001f1f8     0x10d6 Src\usbd_cdc_if.o
 .debug_info    0x000202ce     0x20c7 Src\usbd_conf.o
 .debug_info    0x00022395      0xe81 Src\usbd_desc.o
 .debug_info    0x00023216       0x7e startup\startup_stm32f103xb.o

.debug_abbrev   0x00000000     0x4c31
 .debug_abbrev  0x00000000      0x315 Drivers\STM32F1xx_HAL_Driver\Src\stm32f1xx_hal.o
 .debug_abbrev  0x00000315      0x2fb Drivers\STM32F1xx_HAL_Driver\Src\stm32f1xx_hal_adc.o
 .debug_abbrev  0x00000610      0x399 Drivers\STM32F1xx_HAL_Driver\Src\stm32f1xx_hal_cortex.o
 .debug_abbrev  0x000009a9      0x29e Drivers\STM32F1xx_HAL_Driver\Src\stm32f1xx_hal_dma.o
 .debug_abbrev  0x00000c47      0x268 Drivers\STM32F1xx_HAL_Driver\Src\stm32f1xx_hal_gpio.o
 .debug_abbrev  0x00000eaf      0x39a Drivers\STM32F1xx_HAL_Driver\Src\stm32f1xx_hal_pcd.o
 .debug_abbrev  0x00001249      0x1f5 Drivers\STM32F1xx_HAL_Driver\Src\stm32f1xx_hal_pcd_ex.o
 .debug_abbrev  0x0000143e      0x367 Drivers\STM32F1xx_HAL_Driver\Src\stm32f1xx_hal_rcc.o
 .debug_abbrev  0x000017a5      0x277 Drivers\STM32F1xx_HAL_Driver\Src\stm32f1xx_hal_rcc_ex.o
 .debug_abbrev  0x00001a1c      0x3bb Drivers\STM32F1xx_HAL_Driver\Src\stm32f1xx_hal_tim.o
 .debug_abbrev  0x00001dd7      0x30d Drivers\STM32F1xx_HAL_Driver\Src\stm32f1xx_hal_tim_ex.o
 .debug_abbrev  0x000020e4      0x31c Drivers\STM32F1xx_HAL_Driver\Src\stm32f1xx_ll_usb.o
 .debug_abbrev  0x00002400      0x2e8 Middlewares\ST\STM32_USB_Device_Library\Class\CDC\Src\usbd_cdc.o
 .debug_abbrev  0x000026e8      0x308 Middlewares\ST\STM32_USB_Device_Library\Core\Src\usbd_core.o
 .debug_abbrev  0x000029f0      0x3aa Middlewares\ST\STM32_USB_Device_Library\Core\Src\usbd_ctlreq.o
 .debug_abbrev  0x00002d9a      0x1da Middlewares\ST\STM32_USB_Device_Library\Core\Src\usbd_ioreq.o
 .debug_abbrev  0x00002f74      0x245 Src\adc.o
 .debug_abbrev  0x000031b9      0x1f5 Src\dma.o
 .debug_abbrev  0x000033ae      0x213 Src\gpio.o
 .debug_abbrev  0x000035c1      0x34b Src\main.o
 .debug_abbrev  0x0000390c      0x1bc Src\stm32f1xx_hal_msp.o
 .debug_abbrev  0x00003ac8      0x23e Src\stm32f1xx_it.o
 .debug_abbrev  0x00003d06      0x1eb Src\system_stm32f1xx.o
 .debug_abbrev  0x00003ef1      0x258 Src\tim.o
 .debug_abbrev  0x00004149      0x1ef Src\usb_device.o
 .debug_abbrev  0x00004338      0x2ab Src\usbd_cdc_if.o
 .debug_abbrev  0x000045e3      0x317 Src\usbd_conf.o
 .debug_abbrev  0x000048fa      0x325 Src\usbd_desc.o
 .debug_abbrev  0x00004c1f       0x12 startup\startup_stm32f103xb.o

.debug_loc      0x00000000     0x918e
 .debug_loc     0x00000000      0x11b Drivers\STM32F1xx_HAL_Driver\Src\stm32f1xx_hal.o
 .debug_loc     0x0000011b      0x873 Drivers\STM32F1xx_HAL_Driver\Src\stm32f1xx_hal_adc.o
 .debug_loc     0x0000098e      0x46b Drivers\STM32F1xx_HAL_Driver\Src\stm32f1xx_hal_cortex.o
 .debug_loc     0x00000df9      0x5d1 Drivers\STM32F1xx_HAL_Driver\Src\stm32f1xx_hal_dma.o
 .debug_loc     0x000013ca      0x36a Drivers\STM32F1xx_HAL_Driver\Src\stm32f1xx_hal_gpio.o
 .debug_loc     0x00001734      0x995 Drivers\STM32F1xx_HAL_Driver\Src\stm32f1xx_hal_pcd.o
 .debug_loc     0x000020c9       0xe0 Drivers\STM32F1xx_HAL_Driver\Src\stm32f1xx_hal_pcd_ex.o
 .debug_loc     0x000021a9      0x4c3 Drivers\STM32F1xx_HAL_Driver\Src\stm32f1xx_hal_rcc.o
 .debug_loc     0x0000266c      0x29d Drivers\STM32F1xx_HAL_Driver\Src\stm32f1xx_hal_rcc_ex.o
 .debug_loc     0x00002909     0x300c Drivers\STM32F1xx_HAL_Driver\Src\stm32f1xx_hal_tim.o
 .debug_loc     0x00005915      0x822 Drivers\STM32F1xx_HAL_Driver\Src\stm32f1xx_hal_tim_ex.o
 .debug_loc     0x00006137      0xb9c Drivers\STM32F1xx_HAL_Driver\Src\stm32f1xx_ll_usb.o
 .debug_loc     0x00006cd3      0x4cf Middlewares\ST\STM32_USB_Device_Library\Class\CDC\Src\usbd_cdc.o
 .debug_loc     0x000071a2      0x5f2 Middlewares\ST\STM32_USB_Device_Library\Core\Src\usbd_core.o
 .debug_loc     0x00007794      0x7cd Middlewares\ST\STM32_USB_Device_Library\Core\Src\usbd_ctlreq.o
 .debug_loc     0x00007f61      0x23c Middlewares\ST\STM32_USB_Device_Library\Core\Src\usbd_ioreq.o
 .debug_loc     0x0000819d       0x63 Src\adc.o
 .debug_loc     0x00008200      0x1a4 Src\main.o
 .debug_loc     0x000083a4       0xcd Src\system_stm32f1xx.o
 .debug_loc     0x00008471       0x2c Src\tim.o
 .debug_loc     0x0000849d      0x10c Src\usbd_cdc_if.o
 .debug_loc     0x000085a9      0x8ec Src\usbd_conf.o
 .debug_loc     0x00008e95      0x2f9 Src\usbd_desc.o

.debug_aranges  0x00000000      0xe20
 .debug_aranges
                0x00000000       0xc8 Drivers\STM32F1xx_HAL_Driver\Src\stm32f1xx_hal.o
 .debug_aranges
                0x000000c8       0xc8 Drivers\STM32F1xx_HAL_Driver\Src\stm32f1xx_hal_adc.o
 .debug_aranges
                0x00000190       0x90 Drivers\STM32F1xx_HAL_Driver\Src\stm32f1xx_hal_cortex.o
 .debug_aranges
                0x00000220       0x78 Drivers\STM32F1xx_HAL_Driver\Src\stm32f1xx_hal_dma.o
 .debug_aranges
                0x00000298       0x58 Drivers\STM32F1xx_HAL_Driver\Src\stm32f1xx_hal_gpio.o
 .debug_aranges
                0x000002f0       0xc0 Drivers\STM32F1xx_HAL_Driver\Src\stm32f1xx_hal_pcd.o
 .debug_aranges
                0x000003b0       0x28 Drivers\STM32F1xx_HAL_Driver\Src\stm32f1xx_hal_pcd_ex.o
 .debug_aranges
                0x000003d8       0x88 Drivers\STM32F1xx_HAL_Driver\Src\stm32f1xx_hal_rcc.o
 .debug_aranges
                0x00000460       0x30 Drivers\STM32F1xx_HAL_Driver\Src\stm32f1xx_hal_rcc_ex.o
 .debug_aranges
                0x00000490      0x250 Drivers\STM32F1xx_HAL_Driver\Src\stm32f1xx_hal_tim.o
 .debug_aranges
                0x000006e0       0xe8 Drivers\STM32F1xx_HAL_Driver\Src\stm32f1xx_hal_tim_ex.o
 .debug_aranges
                0x000007c8       0xe0 Drivers\STM32F1xx_HAL_Driver\Src\stm32f1xx_ll_usb.o
 .debug_aranges
                0x000008a8       0x90 Middlewares\ST\STM32_USB_Device_Library\Class\CDC\Src\usbd_cdc.o
 .debug_aranges
                0x00000938       0xa8 Middlewares\ST\STM32_USB_Device_Library\Core\Src\usbd_core.o
 .debug_aranges
                0x000009e0       0x50 Middlewares\ST\STM32_USB_Device_Library\Core\Src\usbd_ctlreq.o
 .debug_aranges
                0x00000a30       0x50 Middlewares\ST\STM32_USB_Device_Library\Core\Src\usbd_ioreq.o
 .debug_aranges
                0x00000a80       0x30 Src\adc.o
 .debug_aranges
                0x00000ab0       0x20 Src\dma.o
 .debug_aranges
                0x00000ad0       0x20 Src\gpio.o
 .debug_aranges
                0x00000af0       0x60 Src\main.o
 .debug_aranges
                0x00000b50       0x20 Src\stm32f1xx_hal_msp.o
 .debug_aranges
                0x00000b70       0x60 Src\stm32f1xx_it.o
 .debug_aranges
                0x00000bd0       0x28 Src\system_stm32f1xx.o
 .debug_aranges
                0x00000bf8       0x38 Src\tim.o
 .debug_aranges
                0x00000c30       0x20 Src\usb_device.o
 .debug_aranges
                0x00000c50       0x40 Src\usbd_cdc_if.o
 .debug_aranges
                0x00000c90      0x110 Src\usbd_conf.o
 .debug_aranges
                0x00000da0       0x58 Src\usbd_desc.o
 .debug_aranges
                0x00000df8       0x28 startup\startup_stm32f103xb.o

.debug_ranges   0x00000000     0x12d0
 .debug_ranges  0x00000000       0xb8 Drivers\STM32F1xx_HAL_Driver\Src\stm32f1xx_hal.o
 .debug_ranges  0x000000b8       0xb8 Drivers\STM32F1xx_HAL_Driver\Src\stm32f1xx_hal_adc.o
 .debug_ranges  0x00000170      0x128 Drivers\STM32F1xx_HAL_Driver\Src\stm32f1xx_hal_cortex.o
 .debug_ranges  0x00000298       0xa8 Drivers\STM32F1xx_HAL_Driver\Src\stm32f1xx_hal_dma.o
 .debug_ranges  0x00000340       0x60 Drivers\STM32F1xx_HAL_Driver\Src\stm32f1xx_hal_gpio.o
 .debug_ranges  0x000003a0      0x118 Drivers\STM32F1xx_HAL_Driver\Src\stm32f1xx_hal_pcd.o
 .debug_ranges  0x000004b8       0x18 Drivers\STM32F1xx_HAL_Driver\Src\stm32f1xx_hal_pcd_ex.o
 .debug_ranges  0x000004d0       0xa0 Drivers\STM32F1xx_HAL_Driver\Src\stm32f1xx_hal_rcc.o
 .debug_ranges  0x00000570       0x40 Drivers\STM32F1xx_HAL_Driver\Src\stm32f1xx_hal_rcc_ex.o
 .debug_ranges  0x000005b0      0x340 Drivers\STM32F1xx_HAL_Driver\Src\stm32f1xx_hal_tim.o
 .debug_ranges  0x000008f0       0xd8 Drivers\STM32F1xx_HAL_Driver\Src\stm32f1xx_hal_tim_ex.o
 .debug_ranges  0x000009c8      0x260 Drivers\STM32F1xx_HAL_Driver\Src\stm32f1xx_ll_usb.o
 .debug_ranges  0x00000c28       0x80 Middlewares\ST\STM32_USB_Device_Library\Class\CDC\Src\usbd_cdc.o
 .debug_ranges  0x00000ca8       0x98 Middlewares\ST\STM32_USB_Device_Library\Core\Src\usbd_core.o
 .debug_ranges  0x00000d40       0xc0 Middlewares\ST\STM32_USB_Device_Library\Core\Src\usbd_ctlreq.o
 .debug_ranges  0x00000e00       0x40 Middlewares\ST\STM32_USB_Device_Library\Core\Src\usbd_ioreq.o
 .debug_ranges  0x00000e40       0x58 Src\adc.o
 .debug_ranges  0x00000e98       0x40 Src\dma.o
 .debug_ranges  0x00000ed8       0x70 Src\gpio.o
 .debug_ranges  0x00000f48       0xb0 Src\main.o
 .debug_ranges  0x00000ff8       0x58 Src\stm32f1xx_hal_msp.o
 .debug_ranges  0x00001050       0x50 Src\stm32f1xx_it.o
 .debug_ranges  0x000010a0       0x18 Src\system_stm32f1xx.o
 .debug_ranges  0x000010b8       0x48 Src\tim.o
 .debug_ranges  0x00001100       0x10 Src\usb_device.o
 .debug_ranges  0x00001110       0x30 Src\usbd_cdc_if.o
 .debug_ranges  0x00001140      0x128 Src\usbd_conf.o
 .debug_ranges  0x00001268       0x48 Src\usbd_desc.o
 .debug_ranges  0x000012b0       0x20 startup\startup_stm32f103xb.o

.debug_line     0x00000000     0x8e29
 .debug_line    0x00000000      0x45f Drivers\STM32F1xx_HAL_Driver\Src\stm32f1xx_hal.o
 .debug_line    0x0000045f      0x86c Drivers\STM32F1xx_HAL_Driver\Src\stm32f1xx_hal_adc.o
 .debug_line    0x00000ccb      0x469 Drivers\STM32F1xx_HAL_Driver\Src\stm32f1xx_hal_cortex.o
 .debug_line    0x00001134      0x68f Drivers\STM32F1xx_HAL_Driver\Src\stm32f1xx_hal_dma.o
 .debug_line    0x000017c3      0x45e Drivers\STM32F1xx_HAL_Driver\Src\stm32f1xx_hal_gpio.o
 .debug_line    0x00001c21      0x702 Drivers\STM32F1xx_HAL_Driver\Src\stm32f1xx_hal_pcd.o
 .debug_line    0x00002323      0x2ff Drivers\STM32F1xx_HAL_Driver\Src\stm32f1xx_hal_pcd_ex.o
 .debug_line    0x00002622      0x639 Drivers\STM32F1xx_HAL_Driver\Src\stm32f1xx_hal_rcc.o
 .debug_line    0x00002c5b      0x3cc Drivers\STM32F1xx_HAL_Driver\Src\stm32f1xx_hal_rcc_ex.o
 .debug_line    0x00003027     0x115f Drivers\STM32F1xx_HAL_Driver\Src\stm32f1xx_hal_tim.o
 .debug_line    0x00004186      0x701 Drivers\STM32F1xx_HAL_Driver\Src\stm32f1xx_hal_tim_ex.o
 .debug_line    0x00004887      0x628 Drivers\STM32F1xx_HAL_Driver\Src\stm32f1xx_ll_usb.o
 .debug_line    0x00004eaf      0x543 Middlewares\ST\STM32_USB_Device_Library\Class\CDC\Src\usbd_cdc.o
 .debug_line    0x000053f2      0x52d Middlewares\ST\STM32_USB_Device_Library\Core\Src\usbd_core.o
 .debug_line    0x0000591f      0x4ad Middlewares\ST\STM32_USB_Device_Library\Core\Src\usbd_ctlreq.o
 .debug_line    0x00005dcc      0x3c3 Middlewares\ST\STM32_USB_Device_Library\Core\Src\usbd_ioreq.o
 .debug_line    0x0000618f      0x383 Src\adc.o
 .debug_line    0x00006512      0x290 Src\dma.o
 .debug_line    0x000067a2      0x2dc Src\gpio.o
 .debug_line    0x00006a7e      0x58f Src\main.o
 .debug_line    0x0000700d      0x283 Src\stm32f1xx_hal_msp.o
 .debug_line    0x00007290      0x36b Src\stm32f1xx_it.o
 .debug_line    0x000075fb      0x2bf Src\system_stm32f1xx.o
 .debug_line    0x000078ba      0x381 Src\tim.o
 .debug_line    0x00007c3b      0x39b Src\usb_device.o
 .debug_line    0x00007fd6      0x3be Src\usbd_cdc_if.o
 .debug_line    0x00008394      0x63d Src\usbd_conf.o
 .debug_line    0x000089d1      0x3db Src\usbd_desc.o
 .debug_line    0x00008dac       0x7d startup\startup_stm32f103xb.o

.debug_str      0x00000000     0x4a4f
 .debug_str     0x00000000      0xbcd Drivers\STM32F1xx_HAL_Driver\Src\stm32f1xx_hal.o
                                0xc74 (size before relaxing)
 .debug_str     0x00000bcd      0x668 Drivers\STM32F1xx_HAL_Driver\Src\stm32f1xx_hal_adc.o
                                0xd90 (size before relaxing)
 .debug_str     0x00001235      0x2e1 Drivers\STM32F1xx_HAL_Driver\Src\stm32f1xx_hal_cortex.o
                                0xd9c (size before relaxing)
 .debug_str     0x00001516      0x220 Drivers\STM32F1xx_HAL_Driver\Src\stm32f1xx_hal_dma.o
                                0xb00 (size before relaxing)
 .debug_str     0x00001736      0x1c4 Drivers\STM32F1xx_HAL_Driver\Src\stm32f1xx_hal_gpio.o
                                0x909 (size before relaxing)
 .debug_str     0x000018fa      0x797 Drivers\STM32F1xx_HAL_Driver\Src\stm32f1xx_hal_pcd.o
                                0xf03 (size before relaxing)
 .debug_str     0x00002091       0x57 Drivers\STM32F1xx_HAL_Driver\Src\stm32f1xx_hal_pcd_ex.o
                                0xa2e (size before relaxing)
 .debug_str     0x000020e8      0x317 Drivers\STM32F1xx_HAL_Driver\Src\stm32f1xx_hal_rcc.o
                                0xae7 (size before relaxing)
 .debug_str     0x000023ff      0x110 Drivers\STM32F1xx_HAL_Driver\Src\stm32f1xx_hal_rcc_ex.o
                                0x8c4 (size before relaxing)
 .debug_str     0x0000250f      0xf05 Drivers\STM32F1xx_HAL_Driver\Src\stm32f1xx_hal_tim.o
                               0x1838 (size before relaxing)
 .debug_str     0x00003414      0x4f1 Drivers\STM32F1xx_HAL_Driver\Src\stm32f1xx_hal_tim_ex.o
                               0x10da (size before relaxing)
 .debug_str     0x00003905      0x155 Drivers\STM32F1xx_HAL_Driver\Src\stm32f1xx_ll_usb.o
                                0xc01 (size before relaxing)
 .debug_str     0x00003a5a      0x64f Middlewares\ST\STM32_USB_Device_Library\Class\CDC\Src\usbd_cdc.o
                                0xdad (size before relaxing)
 .debug_str     0x000040a9      0x2a0 Middlewares\ST\STM32_USB_Device_Library\Core\Src\usbd_core.o
                                0xd1f (size before relaxing)
 .debug_str     0x00004349      0x12e Middlewares\ST\STM32_USB_Device_Library\Core\Src\usbd_ctlreq.o
                                0xc39 (size before relaxing)
 .debug_str     0x00004477       0x51 Middlewares\ST\STM32_USB_Device_Library\Core\Src\usbd_ioreq.o
                                0xb66 (size before relaxing)
 .debug_str     0x000044c8       0x52 Src\adc.o
                                0xba5 (size before relaxing)
 .debug_str     0x0000451a       0x19 Src\dma.o
                                0x9de (size before relaxing)
 .debug_str     0x00004533       0x1b Src\gpio.o
                                0xa7f (size before relaxing)
 .debug_str     0x0000454e      0x103 Src\main.o
                               0x167b (size before relaxing)
 .debug_str     0x00004651       0x1b Src\stm32f1xx_hal_msp.o
                                0x71d (size before relaxing)
 .debug_str     0x0000466c       0xf7 Src\stm32f1xx_it.o
                                0xc51 (size before relaxing)
 .debug_str     0x00004763       0x4d Src\system_stm32f1xx.o
                                0x772 (size before relaxing)
 .debug_str     0x000047b0       0x44 Src\tim.o
                                0xdcd (size before relaxing)
 .debug_str     0x000047f4       0x21 Src\usb_device.o
                                0xb29 (size before relaxing)
 .debug_str     0x00004815       0x7b Src\usbd_cdc_if.o
                                0xbf9 (size before relaxing)
 .debug_str     0x00004890       0x5a Src\usbd_conf.o
                               0x1613 (size before relaxing)
 .debug_str     0x000048ea      0x165 Src\usbd_desc.o
                                0x93c (size before relaxing)

.comment        0x00000000       0x7c
 .comment       0x00000000       0x7c Drivers\STM32F1xx_HAL_Driver\Src\stm32f1xx_hal.o
                                 0x7d (size before relaxing)
 .comment       0x0000007c       0x7d Drivers\STM32F1xx_HAL_Driver\Src\stm32f1xx_hal_adc.o
 .comment       0x0000007c       0x7d Drivers\STM32F1xx_HAL_Driver\Src\stm32f1xx_hal_cortex.o
 .comment       0x0000007c       0x7d Drivers\STM32F1xx_HAL_Driver\Src\stm32f1xx_hal_dma.o
 .comment       0x0000007c       0x7d Drivers\STM32F1xx_HAL_Driver\Src\stm32f1xx_hal_gpio.o
 .comment       0x0000007c       0x7d Drivers\STM32F1xx_HAL_Driver\Src\stm32f1xx_hal_pcd.o
 .comment       0x0000007c       0x7d Drivers\STM32F1xx_HAL_Driver\Src\stm32f1xx_hal_pcd_ex.o
 .comment       0x0000007c       0x7d Drivers\STM32F1xx_HAL_Driver\Src\stm32f1xx_hal_rcc.o
 .comment       0x0000007c       0x7d Drivers\STM32F1xx_HAL_Driver\Src\stm32f1xx_hal_rcc_ex.o
 .comment       0x0000007c       0x7d Drivers\STM32F1xx_HAL_Driver\Src\stm32f1xx_hal_tim.o
 .comment       0x0000007c       0x7d Drivers\STM32F1xx_HAL_Driver\Src\stm32f1xx_hal_tim_ex.o
 .comment       0x0000007c       0x7d Drivers\STM32F1xx_HAL_Driver\Src\stm32f1xx_ll_usb.o
 .comment       0x0000007c       0x7d Middlewares\ST\STM32_USB_Device_Library\Class\CDC\Src\usbd_cdc.o
 .comment       0x0000007c       0x7d Middlewares\ST\STM32_USB_Device_Library\Core\Src\usbd_core.o
 .comment       0x0000007c       0x7d Middlewares\ST\STM32_USB_Device_Library\Core\Src\usbd_ctlreq.o
 .comment       0x0000007c       0x7d Middlewares\ST\STM32_USB_Device_Library\Core\Src\usbd_ioreq.o
 .comment       0x0000007c       0x7d Src\adc.o
 .comment       0x0000007c       0x7d Src\dma.o
 .comment       0x0000007c       0x7d Src\gpio.o
 .comment       0x0000007c       0x7d Src\main.o
 .comment       0x0000007c       0x7d Src\stm32f1xx_hal_msp.o
 .comment       0x0000007c       0x7d Src\stm32f1xx_it.o
 .comment       0x0000007c       0x7d Src\system_stm32f1xx.o
 .comment       0x0000007c       0x7d Src\tim.o
 .comment       0x0000007c       0x7d Src\usb_device.o
 .comment       0x0000007c       0x7d Src\usbd_cdc_if.o
 .comment       0x0000007c       0x7d Src\usbd_conf.o
 .comment       0x0000007c       0x7d Src\usbd_desc.o

.debug_frame    0x00000000     0x260c
 .debug_frame   0x00000000      0x1b0 Drivers\STM32F1xx_HAL_Driver\Src\stm32f1xx_hal.o
 .debug_frame   0x000001b0      0x298 Drivers\STM32F1xx_HAL_Driver\Src\stm32f1xx_hal_adc.o
 .debug_frame   0x00000448      0x120 Drivers\STM32F1xx_HAL_Driver\Src\stm32f1xx_hal_cortex.o
 .debug_frame   0x00000568      0x144 Drivers\STM32F1xx_HAL_Driver\Src\stm32f1xx_hal_dma.o
 .debug_frame   0x000006ac       0xd4 Drivers\STM32F1xx_HAL_Driver\Src\stm32f1xx_hal_gpio.o
 .debug_frame   0x00000780      0x2c4 Drivers\STM32F1xx_HAL_Driver\Src\stm32f1xx_hal_pcd.o
 .debug_frame   0x00000a44       0x30 Drivers\STM32F1xx_HAL_Driver\Src\stm32f1xx_hal_pcd_ex.o
 .debug_frame   0x00000a74      0x150 Drivers\STM32F1xx_HAL_Driver\Src\stm32f1xx_hal_rcc.o
 .debug_frame   0x00000bc4       0x6c Drivers\STM32F1xx_HAL_Driver\Src\stm32f1xx_hal_rcc_ex.o
 .debug_frame   0x00000c30      0x854 Drivers\STM32F1xx_HAL_Driver\Src\stm32f1xx_hal_tim.o
 .debug_frame   0x00001484      0x320 Drivers\STM32F1xx_HAL_Driver\Src\stm32f1xx_hal_tim_ex.o
 .debug_frame   0x000017a4      0x22c Drivers\STM32F1xx_HAL_Driver\Src\stm32f1xx_ll_usb.o
 .debug_frame   0x000019d0      0x14c Middlewares\ST\STM32_USB_Device_Library\Class\CDC\Src\usbd_cdc.o
 .debug_frame   0x00001b1c      0x1c0 Middlewares\ST\STM32_USB_Device_Library\Core\Src\usbd_core.o
 .debug_frame   0x00001cdc       0xcc Middlewares\ST\STM32_USB_Device_Library\Core\Src\usbd_ctlreq.o
 .debug_frame   0x00001da8       0xb8 Middlewares\ST\STM32_USB_Device_Library\Core\Src\usbd_ioreq.o
 .debug_frame   0x00001e60       0x70 Src\adc.o
 .debug_frame   0x00001ed0       0x28 Src\dma.o
 .debug_frame   0x00001ef8       0x38 Src\gpio.o
 .debug_frame   0x00001f30       0xf8 Src\main.o
 .debug_frame   0x00002028       0x28 Src\stm32f1xx_hal_msp.o
 .debug_frame   0x00002050       0xd0 Src\stm32f1xx_it.o
 .debug_frame   0x00002120       0x30 Src\system_stm32f1xx.o
 .debug_frame   0x00002150       0x78 Src\tim.o
 .debug_frame   0x000021c8       0x30 Src\usb_device.o
 .debug_frame   0x000021f8       0x80 Src\usbd_cdc_if.o
 .debug_frame   0x00002278      0x284 Src\usbd_conf.o
 .debug_frame   0x000024fc       0xc4 Src\usbd_desc.o
 .debug_frame   0x000025c0       0x2c e:/program files (x86)/atollic/truestudio for stm32 9.3.0/armtools/bin/../lib/gcc/arm-atollic-eabi/6.3.1/../../../../arm-atollic-eabi/lib/armv7-m\libc_nano.a(lib_a-init.o)
 .debug_frame   0x000025ec       0x20 e:/program files (x86)/atollic/truestudio for stm32 9.3.0/armtools/bin/../lib/gcc/arm-atollic-eabi/6.3.1/../../../../arm-atollic-eabi/lib/armv7-m\libc_nano.a(lib_a-memset.o)
