Archive member included to satisfy reference by file (symbol)

d:/program files (x86)/atollic/truestudio for stm32 9.3.0/armtools/bin/../lib/gcc/arm-atollic-eabi/6.3.1/../../../../arm-atollic-eabi/lib/armv7-m\libc_nano.a(lib_a-errno.o)
                              Src\syscalls.o (__errno)
d:/program files (x86)/atollic/truestudio for stm32 9.3.0/armtools/bin/../lib/gcc/arm-atollic-eabi/6.3.1/../../../../arm-atollic-eabi/lib/armv7-m\libc_nano.a(lib_a-impure.o)
                              d:/program files (x86)/atollic/truestudio for stm32 9.3.0/armtools/bin/../lib/gcc/arm-atollic-eabi/6.3.1/../../../../arm-atollic-eabi/lib/armv7-m\libc_nano.a(lib_a-errno.o) (_impure_ptr)
d:/program files (x86)/atollic/truestudio for stm32 9.3.0/armtools/bin/../lib/gcc/arm-atollic-eabi/6.3.1/../../../../arm-atollic-eabi/lib/armv7-m\libc_nano.a(lib_a-init.o)
                              startup\startup_stm32f103xb.o (__libc_init_array)
d:/program files (x86)/atollic/truestudio for stm32 9.3.0/armtools/bin/../lib/gcc/arm-atollic-eabi/6.3.1/../../../../arm-atollic-eabi/lib/armv7-m\libc_nano.a(lib_a-memset.o)
                              Drivers\STM32F1xx_HAL_Driver\Src\stm32f1xx_hal_rcc.o (memset)
d:/program files (x86)/atollic/truestudio for stm32 9.3.0/armtools/bin/../lib/gcc/arm-atollic-eabi/6.3.1/armv7-m\libgcc.a(_lshrdi3.o)
                              Drivers\STM32F1xx_HAL_Driver\Src\stm32f1xx_hal_flash.o (__aeabi_llsr)

Allocating common symbols
Common symbol       size              file

hUsbDeviceFS        0x224             Src\usb_device.o
uwTick              0x4               Drivers\STM32F1xx_HAL_Driver\Src\stm32f1xx_hal.o
pFlash              0x20              Drivers\STM32F1xx_HAL_Driver\Src\stm32f1xx_hal_flash.o
UserRxBufferFS      0x3e8             Src\usbd_cdc_if.o
hadc1               0x30              Src\adc.o
UserTxBufferFS      0x3e8             Src\usbd_cdc_if.o
adc                 0x10              Src\main.o
hdma_adc1           0x44              Src\adc.o
htim1               0x40              Src\tim.o
hpcd_USB_FS         0x460             Src\usbd_conf.o
USBD_StrDesc        0x200             Src\usbd_desc.o

Discarded input sections

 .text          0x00000000        0x0 d:/program files (x86)/atollic/truestudio for stm32 9.3.0/armtools/bin/../lib/gcc/arm-atollic-eabi/6.3.1/armv7-m/crti.o
 .data          0x00000000        0x0 d:/program files (x86)/atollic/truestudio for stm32 9.3.0/armtools/bin/../lib/gcc/arm-atollic-eabi/6.3.1/armv7-m/crti.o
 .bss           0x00000000        0x0 d:/program files (x86)/atollic/truestudio for stm32 9.3.0/armtools/bin/../lib/gcc/arm-atollic-eabi/6.3.1/armv7-m/crti.o
 .data          0x00000000        0x4 d:/program files (x86)/atollic/truestudio for stm32 9.3.0/armtools/bin/../lib/gcc/arm-atollic-eabi/6.3.1/armv7-m/crtbegin.o
 .text          0x00000000        0x0 Drivers\STM32F1xx_HAL_Driver\Src\stm32f1xx_hal.o
 .data          0x00000000        0x0 Drivers\STM32F1xx_HAL_Driver\Src\stm32f1xx_hal.o
 .bss           0x00000000        0x0 Drivers\STM32F1xx_HAL_Driver\Src\stm32f1xx_hal.o
 .text.HAL_MspInit
                0x00000000        0x2 Drivers\STM32F1xx_HAL_Driver\Src\stm32f1xx_hal.o
 .text.HAL_MspDeInit
                0x00000000        0x2 Drivers\STM32F1xx_HAL_Driver\Src\stm32f1xx_hal.o
 .text.HAL_DeInit
                0x00000000       0x20 Drivers\STM32F1xx_HAL_Driver\Src\stm32f1xx_hal.o
 .text.HAL_GetTickPrio
                0x00000000        0xc Drivers\STM32F1xx_HAL_Driver\Src\stm32f1xx_hal.o
 .text.HAL_SetTickFreq
                0x00000000       0x24 Drivers\STM32F1xx_HAL_Driver\Src\stm32f1xx_hal.o
 .text.HAL_GetTickFreq
                0x00000000        0xc Drivers\STM32F1xx_HAL_Driver\Src\stm32f1xx_hal.o
 .text.HAL_SuspendTick
                0x00000000       0x10 Drivers\STM32F1xx_HAL_Driver\Src\stm32f1xx_hal.o
 .text.HAL_ResumeTick
                0x00000000       0x10 Drivers\STM32F1xx_HAL_Driver\Src\stm32f1xx_hal.o
 .text.HAL_GetHalVersion
                0x00000000        0x8 Drivers\STM32F1xx_HAL_Driver\Src\stm32f1xx_hal.o
 .text.HAL_GetREVID
                0x00000000        0xc Drivers\STM32F1xx_HAL_Driver\Src\stm32f1xx_hal.o
 .text.HAL_GetDEVID
                0x00000000       0x10 Drivers\STM32F1xx_HAL_Driver\Src\stm32f1xx_hal.o
 .text.HAL_DBGMCU_EnableDBGSleepMode
                0x00000000       0x10 Drivers\STM32F1xx_HAL_Driver\Src\stm32f1xx_hal.o
 .text.HAL_DBGMCU_DisableDBGSleepMode
                0x00000000       0x10 Drivers\STM32F1xx_HAL_Driver\Src\stm32f1xx_hal.o
 .text.HAL_DBGMCU_EnableDBGStopMode
                0x00000000       0x10 Drivers\STM32F1xx_HAL_Driver\Src\stm32f1xx_hal.o
 .text.HAL_DBGMCU_DisableDBGStopMode
                0x00000000       0x10 Drivers\STM32F1xx_HAL_Driver\Src\stm32f1xx_hal.o
 .text.HAL_DBGMCU_EnableDBGStandbyMode
                0x00000000       0x10 Drivers\STM32F1xx_HAL_Driver\Src\stm32f1xx_hal.o
 .text.HAL_DBGMCU_DisableDBGStandbyMode
[...]
Memory Configuration

Name             Origin             Length             Attributes
RAM              0x20000000         0x00005000         xrw
FLASH            0x08000000         0x00010000         xr
*default*        0x00000000         0xffffffff

Linker script and memory map

LOAD d:/program files (x86)/atollic/truestudio for stm32 9.3.0/armtools/bin/../lib/gcc/arm-atollic-eabi/6.3.1/armv7-m/crti.o
LOAD d:/program files (x86)/atollic/truestudio for stm32 9.3.0/armtools/bin/../lib/gcc/arm-atollic-eabi/6.3.1/armv7-m/crtbegin.o
LOAD Drivers\STM32F1xx_HAL_Driver\Src\stm32f1xx_hal.o
LOAD Drivers\STM32F1xx_HAL_Driver\Src\stm32f1xx_hal_adc.o
LOAD Drivers\STM32F1xx_HAL_Driver\Src\stm32f1xx_hal_adc_ex.o
LOAD Drivers\STM32F1xx_HAL_Driver\Src\stm32f1xx_hal_cortex.o
LOAD Drivers\STM32F1xx_HAL_Driver\Src\stm32f1xx_hal_dma.o
LOAD Drivers\STM32F1xx_HAL_Driver\Src\stm32f1xx_hal_flash.o
LOAD Drivers\STM32F1xx_HAL_Driver\Src\stm32f1xx_hal_flash_ex.o
LOAD Drivers\STM32F1xx_HAL_Driver\Src\stm32f1xx_hal_gpio.o
LOAD Drivers\STM32F1xx_HAL_Driver\Src\stm32f1xx_hal_gpio_ex.o
LOAD Drivers\STM32F1xx_HAL_Driver\Src\stm32f1xx_hal_pcd.o
LOAD Drivers\STM32F1xx_HAL_Driver\Src\stm32f1xx_hal_pcd_ex.o
LOAD Drivers\STM32F1xx_HAL_Driver\Src\stm32f1xx_hal_pwr.o
LOAD Drivers\STM32F1xx_HAL_Driver\Src\stm32f1xx_hal_rcc.o
LOAD Drivers\STM32F1xx_HAL_Driver\Src\stm32f1xx_hal_rcc_ex.o
LOAD Drivers\STM32F1xx_HAL_Driver\Src\stm32f1xx_hal_tim.o
LOAD Drivers\STM32F1xx_HAL_Driver\Src\stm32f1xx_hal_tim_ex.o
LOAD Drivers\STM32F1xx_HAL_Driver\Src\stm32f1xx_ll_usb.o
LOAD Middlewares\ST\STM32_USB_Device_Library\Class\CDC\Src\usbd_cdc.o
LOAD Middlewares\ST\STM32_USB_Device_Library\Core\Src\usbd_core.o
LOAD Middlewares\ST\STM32_USB_Device_Library\Core\Src\usbd_ctlreq.o
LOAD Middlewares\ST\STM32_USB_Device_Library\Core\Src\usbd_ioreq.o
LOAD Src\adc.o
LOAD Src\dma.o
LOAD Src\gpio.o
LOAD Src\main.o
LOAD Src\stm32f1xx_hal_msp.o
LOAD Src\stm32f1xx_it.o
LOAD Src\syscalls.o
LOAD Src\system_stm32f1xx.o
LOAD Src\tim.o
LOAD Src\usb_device.o
LOAD Src\usbd_cdc_if.o
LOAD Src\usbd_conf.o
LOAD Src\usbd_desc.o
LOAD startup\startup_stm32f103xb.o
                0x00000080                malloc_getpagesize_P = 0x80
START GROUP
LOAD d:/program files (x86)/atollic/truestudio for stm32 9.3.0/armtools/bin/../lib/gcc/arm-atollic-eabi/6.3.1/../../../../arm-atollic-eabi/lib/armv7-m\libc_nano.a
LOAD d:/program files (x86)/atollic/truestudio for stm32 9.3.0/armtools/bin/../lib/gcc/arm-atollic-eabi/6.3.1/../../../../arm-atollic-eabi/lib/armv7-m\libm.a
END GROUP
START GROUP
LOAD d:/program files (x86)/atollic/truestudio for stm32 9.3.0/armtools/bin/../lib/gcc/arm-atollic-eabi/6.3.1/armv7-m\libgcc.a
LOAD d:/program files (x86)/atollic/truestudio for stm32 9.3.0/armtools/bin/../lib/gcc/arm-atollic-eabi/6.3.1/../../../../arm-atollic-eabi/lib/armv7-m\libc_nano.a
END GROUP
START GROUP
LOAD d:/program files (x86)/atollic/truestudio for stm32 9.3.0/armtools/bin/../lib/gcc/arm-atollic-eabi/6.3.1/armv7-m\libgcc.a
LOAD d:/program files (x86)/atollic/truestudio for stm32 9.3.0/armtools/bin/../lib/gcc/arm-atollic-eabi/6.3.1/../../../../arm-atollic-eabi/lib/armv7-m\libc_nano.a
LOAD d:/program files (x86)/atollic/truestudio for stm32 9.3.0/armtools/bin/../lib/gcc/arm-atollic-eabi/6.3.1/../../../../arm-atollic-eabi/lib/armv7-m\libnosys.a
END GROUP
START GROUP
LOAD d:/program files (x86)/atollic/truestudio for stm32 9.3.0/armtools/bin/../lib/gcc/arm-atollic-eabi/6.3.1/armv7-m\libgcc.a
LOAD d:/program files (x86)/atollic/truestudio for stm32 9.3.0/armtools/bin/../lib/gcc/arm-atollic-eabi/6.3.1/../../../../arm-atollic-eabi/lib/armv7-m\libc_nano.a
LOAD d:/program files (x86)/atollic/truestudio for stm32 9.3.0/armtools/bin/../lib/gcc/arm-atollic-eabi/6.3.1/../../../../arm-atollic-eabi/lib/armv7-m\libnosys.a
END GROUP
LOAD d:/program files (x86)/atollic/truestudio for stm32 9.3.0/armtools/bin/../lib/gcc/arm-atollic-eabi/6.3.1/armv7-m/crtend.o
LOAD d:/program files (x86)/atollic/truestudio for stm32 9.3.0/armtools/bin/../lib/gcc/arm-atollic-eabi/6.3.1/armv7-m/crtn.o
                0x20005000                _estack = 0x20005000
                0x00000200                _Min_Heap_Size = 0x200
                0x00000400                _Min_Stack_Size = 0x400

.isr_vector     0x08000000      0x10c
                0x08000000                . = ALIGN (0x4)
 *(.isr_vector)
 .isr_vector    0x08000000      0x10c startup\startup_stm32f103xb.o
                0x08000000                g_pfnVectors
                0x0800010c                . = ALIGN (0x4)

.text           0x0800010c     0x37a8
                0x0800010c                . = ALIGN (0x4)
 *(.text)
 .text          0x0800010c       0x40 d:/program files (x86)/atollic/truestudio for stm32 9.3.0/armtools/bin/../lib/gcc/arm-atollic-eabi/6.3.1/armv7-m/crtbegin.o
 *(.text*)
 .text.HAL_InitTick
                0x0800014c       0x48 Drivers\STM32F1xx_HAL_Driver\Src\stm32f1xx_hal.o
                0x0800014c                HAL_InitTick
 .text.HAL_Init
                0x08000194       0x24 Drivers\STM32F1xx_HAL_Driver\Src\stm32f1xx_hal.o
                0x08000194                HAL_Init
 .text.HAL_IncTick
                0x080001b8       0x18 Drivers\STM32F1xx_HAL_Driver\Src\stm32f1xx_hal.o
                0x080001b8                HAL_IncTick
 .text.HAL_GetTick
                0x080001d0        0xc Drivers\STM32F1xx_HAL_Driver\Src\stm32f1xx_hal.o
                0x080001d0                HAL_GetTick
 .text.HAL_Delay
                0x080001dc       0x24 Drivers\STM32F1xx_HAL_Driver\Src\stm32f1xx_hal.o
                0x080001dc                HAL_Delay
 .text.HAL_ADC_ConvCpltCallback
                0x08000200        0x2 Drivers\STM32F1xx_HAL_Driver\Src\stm32f1xx_hal_adc.o
                0x08000200                HAL_ADC_ConvCpltCallback
 .text.ADC_DMAConvCplt
                0x08000202       0x4e Drivers\STM32F1xx_HAL_Driver\Src\stm32f1xx_hal_adc.o
                0x08000202                ADC_DMAConvCplt
 .text.HAL_ADC_ConvHalfCpltCallback
                0x08000250        0x2 Drivers\STM32F1xx_HAL_Driver\Src\stm32f1xx_hal_adc.o
                0x08000250                HAL_ADC_ConvHalfCpltCallback
 .text.ADC_DMAHalfConvCplt
                0x08000252        0xa Drivers\STM32F1xx_HAL_Driver\Src\stm32f1xx_hal_adc.o
                0x08000252                ADC_DMAHalfConvCplt
 .text.HAL_ADC_ErrorCallback
                0x0800025c        0x2 Drivers\STM32F1xx_HAL_Driver\Src\stm32f1xx_hal_adc.o
                0x0800025c                HAL_ADC_ErrorCallback
 .text.ADC_DMAError
                0x0800025e       0x1a Drivers\STM32F1xx_HAL_Driver\Src\stm32f1xx_hal_adc.o
                0x0800025e                ADC_DMAError
 .text.HAL_ADC_ConfigChannel
                0x08000278      0x108 Drivers\STM32F1xx_HAL_Driver\Src\stm32f1xx_hal_adc.o
                0x08000278                HAL_ADC_ConfigChannel
 .text.HAL_ADC_AnalogWDGConfig
                0x08000380       0x50 Drivers\STM32F1xx_HAL_Driver\Src\stm32f1xx_hal_adc.o
                0x08000380                HAL_ADC_AnalogWDGConfig
 .text.ADC_Enable
                0x080003d0       0x70 Drivers\STM32F1xx_HAL_Driver\Src\stm32f1xx_hal_adc.o
                0x080003d0                ADC_Enable
 .text.HAL_ADC_Start_DMA
                0x08000440      0x11c Drivers\STM32F1xx_HAL_Driver\Src\stm32f1xx_hal_adc.o
                0x08000440                HAL_ADC_Start_DMA
 .text.ADC_ConversionStop_Disable
                0x0800055c       0x44 Drivers\STM32F1xx_HAL_Driver\Src\stm32f1xx_hal_adc.o
                0x0800055c                ADC_ConversionStop_Disable
 .text.HAL_ADC_Init
                0x080005a0      0x100 Drivers\STM32F1xx_HAL_Driver\Src\stm32f1xx_hal_adc.o
                0x080005a0                HAL_ADC_Init
 .text.HAL_NVIC_SetPriorityGrouping
                0x080006a0       0x24 Drivers\STM32F1xx_HAL_Driver\Src\stm32f1xx_hal_cortex.o
                0x080006a0                HAL_NVIC_SetPriorityGrouping
 .text.HAL_NVIC_SetPriority
                0x080006c4       0x68 Drivers\STM32F1xx_HAL_Driver\Src\stm32f1xx_hal_cortex.o
                0x080006c4                HAL_NVIC_SetPriority
 .text.HAL_NVIC_EnableIRQ
                0x0800072c       0x18 Drivers\STM32F1xx_HAL_Driver\Src\stm32f1xx_hal_cortex.o
                0x0800072c                HAL_NVIC_EnableIRQ
 .text.HAL_SYSTICK_Config
                0x08000744       0x2c Drivers\STM32F1xx_HAL_Driver\Src\stm32f1xx_hal_cortex.o
                0x08000744                HAL_SYSTICK_Config
 .text.HAL_DMA_Init
                0x08000770       0x60 Drivers\STM32F1xx_HAL_Driver\Src\stm32f1xx_hal_dma.o
                0x08000770                HAL_DMA_Init
 .text.HAL_DMA_Start_IT
                0x080007d0       0x7a Drivers\STM32F1xx_HAL_Driver\Src\stm32f1xx_hal_dma.o
                0x080007d0                HAL_DMA_Start_IT
 *fill*         0x0800084a        0x2 
 .text.HAL_DMA_IRQHandler
                0x0800084c      0x128 Drivers\STM32F1xx_HAL_Driver\Src\stm32f1xx_hal_dma.o
                0x0800084c                HAL_DMA_IRQHandler
 .text.HAL_GPIO_Init
                0x08000974      0x1c0 Drivers\STM32F1xx_HAL_Driver\Src\stm32f1xx_hal_gpio.o
                0x08000974                HAL_GPIO_Init
 .text.HAL_GPIO_WritePin
                0x08000b34        0xa Drivers\STM32F1xx_HAL_Driver\Src\stm32f1xx_hal_gpio.o
                0x08000b34                HAL_GPIO_WritePin
 .text.HAL_PCD_Init
                0x08000b3e       0xd2 Drivers\STM32F1xx_HAL_Driver\Src\stm32f1xx_hal_pcd.o
                0x08000b3e                HAL_PCD_Init
 .text.HAL_PCD_Start
                0x08000c10       0x2e Drivers\STM32F1xx_HAL_Driver\Src\stm32f1xx_hal_pcd.o
                0x08000c10                HAL_PCD_Start
 .text.HAL_PCD_SetAddress
                0x08000c3e       0x28 Drivers\STM32F1xx_HAL_Driver\Src\stm32f1xx_hal_pcd.o
                0x08000c3e                HAL_PCD_SetAddress
 .text.HAL_PCD_EP_Open
                0x08000c66       0x46 Drivers\STM32F1xx_HAL_Driver\Src\stm32f1xx_hal_pcd.o
                0x08000c66                HAL_PCD_EP_Open
 .text.HAL_PCD_EP_Close
                0x08000cac       0x42 Drivers\STM32F1xx_HAL_Driver\Src\stm32f1xx_hal_pcd.o
                0x08000cac                HAL_PCD_EP_Close
 .text.HAL_PCD_EP_Receive
                0x08000cee       0x30 Drivers\STM32F1xx_HAL_Driver\Src\stm32f1xx_hal_pcd.o
                0x08000cee                HAL_PCD_EP_Receive
 .text.HAL_PCD_EP_GetRxCount
                0x08000d1e        0xe Drivers\STM32F1xx_HAL_Driver\Src\stm32f1xx_hal_pcd.o
                0x08000d1e                HAL_PCD_EP_GetRxCount
 .text.HAL_PCD_EP_Transmit
                0x08000d2c       0x2c Drivers\STM32F1xx_HAL_Driver\Src\stm32f1xx_hal_pcd.o
                0x08000d2c                HAL_PCD_EP_Transmit
 .text.HAL_PCD_IRQHandler
                0x08000d58      0x4f0 Drivers\STM32F1xx_HAL_Driver\Src\stm32f1xx_hal_pcd.o
                0x08000d58                HAL_PCD_IRQHandler
 .text.HAL_PCD_EP_SetStall
                0x08001248       0x52 Drivers\STM32F1xx_HAL_Driver\Src\stm32f1xx_hal_pcd.o
                0x08001248                HAL_PCD_EP_SetStall
 .text.HAL_PCD_EP_ClrStall
                0x0800129a       0x46 Drivers\STM32F1xx_HAL_Driver\Src\stm32f1xx_hal_pcd.o
                0x0800129a                HAL_PCD_EP_ClrStall
 .text.HAL_PCDEx_PMAConfig
                0x080012e0       0x30 Drivers\STM32F1xx_HAL_Driver\Src\stm32f1xx_hal_pcd_ex.o
                0x080012e0                HAL_PCDEx_PMAConfig
 .text.HAL_RCC_OscConfig
                0x08001310      0x318 Drivers\STM32F1xx_HAL_Driver\Src\stm32f1xx_hal_rcc.o
                0x08001310                HAL_RCC_OscConfig
 .text.HAL_RCC_GetSysClockFreq
                0x08001628       0x78 Drivers\STM32F1xx_HAL_Driver\Src\stm32f1xx_hal_rcc.o
                0x08001628                HAL_RCC_GetSysClockFreq
 .text.HAL_RCC_ClockConfig
                0x080016a0      0x164 Drivers\STM32F1xx_HAL_Driver\Src\stm32f1xx_hal_rcc.o
                0x080016a0                HAL_RCC_ClockConfig
 .text.HAL_RCCEx_PeriphCLKConfig
                0x08001804       0xf0 Drivers\STM32F1xx_HAL_Driver\Src\stm32f1xx_hal_rcc_ex.o
                0x08001804                HAL_RCCEx_PeriphCLKConfig
 .text.TIM_OC1_SetConfig
                0x080018f4       0x50 Drivers\STM32F1xx_HAL_Driver\Src\stm32f1xx_hal_tim.o
 .text.TIM_OC3_SetConfig
                0x08001944       0x54 Drivers\STM32F1xx_HAL_Driver\Src\stm32f1xx_hal_tim.o
 .text.TIM_OC4_SetConfig
                0x08001998       0x44 Drivers\STM32F1xx_HAL_Driver\Src\stm32f1xx_hal_tim.o
 .text.HAL_TIM_PWM_MspInit
                0x080019dc        0x2 Drivers\STM32F1xx_HAL_Driver\Src\stm32f1xx_hal_tim.o
                0x080019dc                HAL_TIM_PWM_MspInit
 .text.HAL_TIM_ConfigClockSource
                0x080019de      0x172 Drivers\STM32F1xx_HAL_Driver\Src\stm32f1xx_hal_tim.o
                0x080019de                HAL_TIM_ConfigClockSource
 .text.TIM_Base_SetConfig
                0x08001b50       0x70 Drivers\STM32F1xx_HAL_Driver\Src\stm32f1xx_hal_tim.o
                0x08001b50                TIM_Base_SetConfig
 .text.HAL_TIM_Base_Init
                0x08001bc0       0x34 Drivers\STM32F1xx_HAL_Driver\Src\stm32f1xx_hal_tim.o
                0x08001bc0                HAL_TIM_Base_Init
 .text.HAL_TIM_PWM_Init
                0x08001bf4       0x34 Drivers\STM32F1xx_HAL_Driver\Src\stm32f1xx_hal_tim.o
                0x08001bf4                HAL_TIM_PWM_Init
 .text.TIM_OC2_SetConfig
                0x08001c28       0x58 Drivers\STM32F1xx_HAL_Driver\Src\stm32f1xx_hal_tim.o
                0x08001c28                TIM_OC2_SetConfig
 .text.HAL_TIM_PWM_ConfigChannel
                0x08001c80       0xc4 Drivers\STM32F1xx_HAL_Driver\Src\stm32f1xx_hal_tim.o
                0x08001c80                HAL_TIM_PWM_ConfigChannel
 .text.TIM_CCxChannelCmd
                0x08001d44       0x18 Drivers\STM32F1xx_HAL_Driver\Src\stm32f1xx_hal_tim.o
                0x08001d44                TIM_CCxChannelCmd
 .text.HAL_TIM_PWM_Start
                0x08001d5c       0x2c Drivers\STM32F1xx_HAL_Driver\Src\stm32f1xx_hal_tim.o
                0x08001d5c                HAL_TIM_PWM_Start
 .text.HAL_TIMEx_ConfigBreakDeadTime
                0x08001d88       0x4c Drivers\STM32F1xx_HAL_Driver\Src\stm32f1xx_hal_tim_ex.o
                0x08001d88                HAL_TIMEx_ConfigBreakDeadTime
 .text.HAL_TIMEx_MasterConfigSynchronization
                0x08001dd4       0x44 Drivers\STM32F1xx_HAL_Driver\Src\stm32f1xx_hal_tim_ex.o
                0x08001dd4                HAL_TIMEx_MasterConfigSynchronization
 .text.USB_CoreInit
                0x08001e18        0xe Drivers\STM32F1xx_HAL_Driver\Src\stm32f1xx_ll_usb.o
                0x08001e18                USB_CoreInit
 .text.USB_EnableGlobalInt
                0x08001e26       0x12 Drivers\STM32F1xx_HAL_Driver\Src\stm32f1xx_ll_usb.o
                0x08001e26                USB_EnableGlobalInt
 .text.USB_DisableGlobalInt
                0x08001e38       0x14 Drivers\STM32F1xx_HAL_Driver\Src\stm32f1xx_ll_usb.o
                0x08001e38                USB_DisableGlobalInt
 .text.USB_SetCurrentMode
                0x08001e4c        0x4 Drivers\STM32F1xx_HAL_Driver\Src\stm32f1xx_ll_usb.o
                0x08001e4c                USB_SetCurrentMode
 .text.USB_DevInit
                0x08001e50       0x36 Drivers\STM32F1xx_HAL_Driver\Src\stm32f1xx_ll_usb.o
                0x08001e50                USB_DevInit
 *fill*         0x08001e86        0x2 
 .text.USB_ActivateEndpoint
                0x08001e88      0x2e4 Drivers\STM32F1xx_HAL_Driver\Src\stm32f1xx_ll_usb.o
                0x08001e88                USB_ActivateEndpoint
 .text.USB_DeactivateEndpoint
                0x0800216c      0x19c Drivers\STM32F1xx_HAL_Driver\Src\stm32f1xx_ll_usb.o
                0x0800216c                USB_DeactivateEndpoint
 .text.USB_EPSetStall
                0x08002308       0x64 Drivers\STM32F1xx_HAL_Driver\Src\stm32f1xx_ll_usb.o
                0x08002308                USB_EPSetStall
 .text.USB_EPClearStall
                0x0800236c       0x84 Drivers\STM32F1xx_HAL_Driver\Src\stm32f1xx_ll_usb.o
                0x0800236c                USB_EPClearStall
 .text.USB_SetDevAddress
                0x080023f0        0xc Drivers\STM32F1xx_HAL_Driver\Src\stm32f1xx_ll_usb.o
                0x080023f0                USB_SetDevAddress
 .text.USB_DevConnect
                0x080023fc        0x4 Drivers\STM32F1xx_HAL_Driver\Src\stm32f1xx_ll_usb.o
                0x080023fc                USB_DevConnect
 .text.USB_DevDisconnect
                0x08002400        0x4 Drivers\STM32F1xx_HAL_Driver\Src\stm32f1xx_ll_usb.o
                0x08002400                USB_DevDisconnect
 .text.USB_ReadInterrupts
                0x08002404        0x8 Drivers\STM32F1xx_HAL_Driver\Src\stm32f1xx_ll_usb.o
                0x08002404                USB_ReadInterrupts
 .text.USB_EP0_OutStart
                0x0800240c        0x4 Drivers\STM32F1xx_HAL_Driver\Src\stm32f1xx_ll_usb.o
                0x0800240c                USB_EP0_OutStart
 .text.USB_WritePMA
                0x08002410       0x22 Drivers\STM32F1xx_HAL_Driver\Src\stm32f1xx_ll_usb.o
                0x08002410                USB_WritePMA
 *fill*         0x08002432        0x2 
 .text.USB_EPStartXfer
                0x08002434      0x200 Drivers\STM32F1xx_HAL_Driver\Src\stm32f1xx_ll_usb.o
                0x08002434                USB_EPStartXfer
 .text.USB_ReadPMA
                0x08002634       0x22 Drivers\STM32F1xx_HAL_Driver\Src\stm32f1xx_ll_usb.o
                0x08002634                USB_ReadPMA
 .text.USBD_CDC_DataIn
                0x08002656       0x12 Middlewares\ST\STM32_USB_Device_Library\Class\CDC\Src\usbd_cdc.o
 .text.USBD_CDC_EP0_RxReady
                0x08002668       0x28 Middlewares\ST\STM32_USB_Device_Library\Class\CDC\Src\usbd_cdc.o
 .text.USBD_CDC_GetFSCfgDesc
                0x08002690        0xc Middlewares\ST\STM32_USB_Device_Library\Class\CDC\Src\usbd_cdc.o
 .text.USBD_CDC_GetHSCfgDesc
                0x0800269c        0xc Middlewares\ST\STM32_USB_Device_Library\Class\CDC\Src\usbd_cdc.o
 .text.USBD_CDC_GetOtherSpeedCfgDesc
                0x080026a8        0xc Middlewares\ST\STM32_USB_Device_Library\Class\CDC\Src\usbd_cdc.o
 .text.USBD_CDC_GetDeviceQualifierDescriptor
                0x080026b4        0xc Middlewares\ST\STM32_USB_Device_Library\Class\CDC\Src\usbd_cdc.o
                0x080026b4                USBD_CDC_GetDeviceQualifierDescriptor
 .text.USBD_CDC_DataOut
                0x080026c0       0x2e Middlewares\ST\STM32_USB_Device_Library\Class\CDC\Src\usbd_cdc.o
 *fill*         0x080026ee        0x2 
 .text.USBD_CDC_Setup
                0x080026f0       0x68 Middlewares\ST\STM32_USB_Device_Library\Class\CDC\Src\usbd_cdc.o
 .text.USBD_CDC_DeInit
                0x08002758       0x3a Middlewares\ST\STM32_USB_Device_Library\Class\CDC\Src\usbd_cdc.o
 .text.USBD_CDC_Init
                0x08002792       0x8c Middlewares\ST\STM32_USB_Device_Library\Class\CDC\Src\usbd_cdc.o
 .text.USBD_CDC_RegisterInterface
                0x0800281e        0xe Middlewares\ST\STM32_USB_Device_Library\Class\CDC\Src\usbd_cdc.o
                0x0800281e                USBD_CDC_RegisterInterface
 .text.USBD_CDC_SetTxBuffer
                0x0800282c       0x10 Middlewares\ST\STM32_USB_Device_Library\Class\CDC\Src\usbd_cdc.o
                0x0800282c                USBD_CDC_SetTxBuffer
 .text.USBD_CDC_SetRxBuffer
                0x0800283c        0xc Middlewares\ST\STM32_USB_Device_Library\Class\CDC\Src\usbd_cdc.o
                0x0800283c                USBD_CDC_SetRxBuffer
 .text.USBD_CDC_ReceivePacket
                0x08002848       0x26 Middlewares\ST\STM32_USB_Device_Library\Class\CDC\Src\usbd_cdc.o
                0x08002848                USBD_CDC_ReceivePacket
 .text.USBD_Init
                0x0800286e       0x2a Middlewares\ST\STM32_USB_Device_Library\Core\Src\usbd_core.o
                0x0800286e                USBD_Init
 .text.USBD_RegisterClass
                0x08002898        0xe Middlewares\ST\STM32_USB_Device_Library\Core\Src\usbd_core.o
                0x08002898                USBD_RegisterClass
 .text.USBD_Start
                0x080028a6        0xa Middlewares\ST\STM32_USB_Device_Library\Core\Src\usbd_core.o
                0x080028a6                USBD_Start
 .text.USBD_SetClassConfig
                0x080028b0       0x16 Middlewares\ST\STM32_USB_Device_Library\Core\Src\usbd_core.o
                0x080028b0                USBD_SetClassConfig
 .text.USBD_ClrClassConfig
                0x080028c6        0xe Middlewares\ST\STM32_USB_Device_Library\Core\Src\usbd_core.o
                0x080028c6                USBD_ClrClassConfig
 .text.USBD_LL_SetupStage
                0x080028d4       0x5a Middlewares\ST\STM32_USB_Device_Library\Core\Src\usbd_core.o
                0x080028d4                USBD_LL_SetupStage
 .text.USBD_LL_DataOutStage
                0x0800292e       0x64 Middlewares\ST\STM32_USB_Device_Library\Core\Src\usbd_core.o
                0x0800292e                USBD_LL_DataOutStage
 .text.USBD_LL_DataInStage
                0x08002992       0x9e Middlewares\ST\STM32_USB_Device_Library\Core\Src\usbd_core.o
                0x08002992                USBD_LL_DataInStage
 .text.USBD_LL_Reset
                0x08002a30       0x3e Middlewares\ST\STM32_USB_Device_Library\Core\Src\usbd_core.o
                0x08002a30                USBD_LL_Reset
 .text.USBD_LL_SetSpeed
                0x08002a6e        0x6 Middlewares\ST\STM32_USB_Device_Library\Core\Src\usbd_core.o
                0x08002a6e                USBD_LL_SetSpeed
 .text.USBD_LL_Suspend
                0x08002a74       0x12 Middlewares\ST\STM32_USB_Device_Library\Core\Src\usbd_core.o
                0x08002a74                USBD_LL_Suspend
 .text.USBD_LL_Resume
                0x08002a86        0xc Middlewares\ST\STM32_USB_Device_Library\Core\Src\usbd_core.o
                0x08002a86                USBD_LL_Resume
 .text.USBD_LL_SOF
                0x08002a92       0x18 Middlewares\ST\STM32_USB_Device_Library\Core\Src\usbd_core.o
                0x08002a92                USBD_LL_SOF
 .text.USBD_CtlError.constprop.0
                0x08002aaa       0x16 Middlewares\ST\STM32_USB_Device_Library\Core\Src\usbd_ctlreq.o
 .text.USBD_StdDevReq
                0x08002ac0      0x1f4 Middlewares\ST\STM32_USB_Device_Library\Core\Src\usbd_ctlreq.o
                0x08002ac0                USBD_StdDevReq
 .text.USBD_StdItfReq
                0x08002cb4       0x30 Middlewares\ST\STM32_USB_Device_Library\Core\Src\usbd_ctlreq.o
                0x08002cb4                USBD_StdItfReq
 .text.USBD_StdEPReq
                0x08002ce4       0xc6 Middlewares\ST\STM32_USB_Device_Library\Core\Src\usbd_ctlreq.o
                0x08002ce4                USBD_StdEPReq
 .text.USBD_ParseSetupRequest
                0x08002daa       0x28 Middlewares\ST\STM32_USB_Device_Library\Core\Src\usbd_ctlreq.o
                0x08002daa                USBD_ParseSetupRequest
 .text.USBD_GetString
                0x08002dd2       0x38 Middlewares\ST\STM32_USB_Device_Library\Core\Src\usbd_ctlreq.o
                0x08002dd2                USBD_GetString
 .text.USBD_CtlSendData
                0x08002e0a       0x1a Middlewares\ST\STM32_USB_Device_Library\Core\Src\usbd_ioreq.o
                0x08002e0a                USBD_CtlSendData
 .text.USBD_CtlContinueSendData
                0x08002e24       0x10 Middlewares\ST\STM32_USB_Device_Library\Core\Src\usbd_ioreq.o
                0x08002e24                USBD_CtlContinueSendData
 .text.USBD_CtlPrepareRx
                0x08002e34       0x1e Middlewares\ST\STM32_USB_Device_Library\Core\Src\usbd_ioreq.o
                0x08002e34                USBD_CtlPrepareRx
 .text.USBD_CtlContinueRx
                0x08002e52       0x10 Middlewares\ST\STM32_USB_Device_Library\Core\Src\usbd_ioreq.o
                0x08002e52                USBD_CtlContinueRx
 .text.USBD_CtlSendStatus
                0x08002e62       0x16 Middlewares\ST\STM32_USB_Device_Library\Core\Src\usbd_ioreq.o
                0x08002e62                USBD_CtlSendStatus
 .text.USBD_CtlReceiveStatus
                0x08002e78       0x16 Middlewares\ST\STM32_USB_Device_Library\Core\Src\usbd_ioreq.o
                0x08002e78                USBD_CtlReceiveStatus
 *fill*         0x08002e8e        0x2 
 .text.MX_ADC1_Init
                0x08002e90       0xc0 Src\adc.o
                0x08002e90                MX_ADC1_Init
 .text.HAL_ADC_MspInit
                0x08002f50       0x94 Src\adc.o
                0x08002f50                HAL_ADC_MspInit
 .text.MX_DMA_Init
                0x08002fe4       0x30 Src\dma.o
                0x08002fe4                MX_DMA_Init
 .text.MX_GPIO_Init
                0x08003014       0xa0 Src\gpio.o
                0x08003014                MX_GPIO_Init
 .text.obrot_lewo
                0x080030b4       0x6c Src\main.o
                0x080030b4                obrot_lewo
 .text.obrot180
                0x08003120        0xc Src\main.o
                0x08003120                obrot180
 .text.SystemClock_Config
                0x0800312c       0x78 Src\main.o
                0x0800312c                SystemClock_Config
 .text.startup.main
                0x080031a4       0x54 Src\main.o
                0x080031a4                main
 .text.Error_Handler
                0x080031f8        0x2 Src\main.o
                0x080031f8                Error_Handler
 *fill*         0x080031fa        0x2 
 .text.HAL_MspInit
                0x080031fc       0x44 Src\stm32f1xx_hal_msp.o
                0x080031fc                HAL_MspInit
 .text.NMI_Handler
                0x08003240        0x2 Src\stm32f1xx_it.o
                0x08003240                NMI_Handler
 .text.HardFault_Handler
                0x08003242        0x2 Src\stm32f1xx_it.o
                0x08003242                HardFault_Handler
 .text.MemManage_Handler
                0x08003244        0x2 Src\stm32f1xx_it.o
                0x08003244                MemManage_Handler
 .text.BusFault_Handler
                0x08003246        0x2 Src\stm32f1xx_it.o
                0x08003246                BusFault_Handler
 .text.UsageFault_Handler
                0x08003248        0x2 Src\stm32f1xx_it.o
                0x08003248                UsageFault_Handler
 .text.SVC_Handler
                0x0800324a        0x2 Src\stm32f1xx_it.o
                0x0800324a                SVC_Handler
 .text.DebugMon_Handler
                0x0800324c        0x2 Src\stm32f1xx_it.o
                0x0800324c                DebugMon_Handler
 .text.PendSV_Handler
                0x0800324e        0x2 Src\stm32f1xx_it.o
                0x0800324e                PendSV_Handler
 .text.SysTick_Handler
                0x08003250        0x4 Src\stm32f1xx_it.o
                0x08003250                SysTick_Handler
 .text.DMA1_Channel1_IRQHandler
                0x08003254        0xc Src\stm32f1xx_it.o
                0x08003254                DMA1_Channel1_IRQHandler
 .text.USB_LP_CAN1_RX0_IRQHandler
                0x08003260        0xc Src\stm32f1xx_it.o
                0x08003260                USB_LP_CAN1_RX0_IRQHandler
 .text.SystemInit
                0x0800326c       0x4c Src\system_stm32f1xx.o
                0x0800326c                SystemInit
 .text.HAL_TIM_Base_MspInit
                0x080032b8       0x28 Src\tim.o
                0x080032b8                HAL_TIM_Base_MspInit
 .text.HAL_TIM_MspPostInit
                0x080032e0       0x50 Src\tim.o
                0x080032e0                HAL_TIM_MspPostInit
 .text.MX_TIM1_Init
                0x08003330       0xe4 Src\tim.o
                0x08003330                MX_TIM1_Init
 .text.MX_USB_DEVICE_Init
                0x08003414       0x50 Src\usb_device.o
                0x08003414                MX_USB_DEVICE_Init
 .text.CDC_DeInit_FS
                0x08003464        0x4 Src\usbd_cdc_if.o
 .text.CDC_Control_FS
                0x08003468        0x4 Src\usbd_cdc_if.o
 .text.CDC_Receive_FS
                0x0800346c       0x1c Src\usbd_cdc_if.o
 .text.CDC_Init_FS
                0x08003488       0x28 Src\usbd_cdc_if.o
 .text.HAL_PCD_MspInit
                0x080034b0       0x3c Src\usbd_conf.o
                0x080034b0                HAL_PCD_MspInit
 .text.HAL_PCD_SetupStageCallback
                0x080034ec        0xc Src\usbd_conf.o
                0x080034ec                HAL_PCD_SetupStageCallback
 .text.HAL_PCD_DataOutStageCallback
                0x080034f8       0x10 Src\usbd_conf.o
                0x080034f8                HAL_PCD_DataOutStageCallback
 .text.HAL_PCD_DataInStageCallback
                0x08003508        0xe Src\usbd_conf.o
                0x08003508                HAL_PCD_DataInStageCallback
 .text.HAL_PCD_SOFCallback
                0x08003516        0x8 Src\usbd_conf.o
                0x08003516                HAL_PCD_SOFCallback
 .text.HAL_PCD_ResetCallback
                0x0800351e       0x24 Src\usbd_conf.o
                0x0800351e                HAL_PCD_ResetCallback
 *fill*         0x08003542        0x2 
 .text.HAL_PCD_SuspendCallback
                0x08003544       0x20 Src\usbd_conf.o
                0x08003544                HAL_PCD_SuspendCallback
 .text.HAL_PCD_ResumeCallback
                0x08003564        0x8 Src\usbd_conf.o
                0x08003564                HAL_PCD_ResumeCallback
 .text.USBD_LL_Init
                0x0800356c       0x80 Src\usbd_conf.o
                0x0800356c                USBD_LL_Init
 .text.USBD_LL_Start
                0x080035ec       0x1c Src\usbd_conf.o
                0x080035ec                USBD_LL_Start
 .text.USBD_LL_OpenEP
                0x08003608       0x20 Src\usbd_conf.o
                0x08003608                USBD_LL_OpenEP
 .text.USBD_LL_CloseEP
                0x08003628       0x1c Src\usbd_conf.o
                0x08003628                USBD_LL_CloseEP
 .text.USBD_LL_StallEP
                0x08003644       0x1c Src\usbd_conf.o
                0x08003644                USBD_LL_StallEP
 .text.USBD_LL_ClearStallEP
                0x08003660       0x1c Src\usbd_conf.o
                0x08003660                USBD_LL_ClearStallEP
 .text.USBD_LL_IsStallEP
                0x0800367c       0x20 Src\usbd_conf.o
                0x0800367c                USBD_LL_IsStallEP
 .text.USBD_LL_SetUSBAddress
                0x0800369c       0x1c Src\usbd_conf.o
                0x0800369c                USBD_LL_SetUSBAddress
 .text.USBD_LL_Transmit
                0x080036b8       0x1c Src\usbd_conf.o
                0x080036b8                USBD_LL_Transmit
 .text.USBD_LL_PrepareReceive
                0x080036d4       0x1c Src\usbd_conf.o
                0x080036d4                USBD_LL_PrepareReceive
 .text.USBD_LL_GetRxDataSize
                0x080036f0        0xc Src\usbd_conf.o
                0x080036f0                USBD_LL_GetRxDataSize
 .text.USBD_static_malloc
                0x080036fc        0x8 Src\usbd_conf.o
                0x080036fc                USBD_static_malloc
 .text.USBD_static_free
                0x08003704        0x2 Src\usbd_conf.o
                0x08003704                USBD_static_free
 .text.HAL_PCDEx_SetConnectionState
                0x08003706        0x2 Src\usbd_conf.o
                0x08003706                HAL_PCDEx_SetConnectionState
 .text.USBD_FS_DeviceDescriptor
                0x08003708        0xc Src\usbd_desc.o
                0x08003708                USBD_FS_DeviceDescriptor
 .text.USBD_FS_LangIDStrDescriptor
                0x08003714        0xc Src\usbd_desc.o
                0x08003714                USBD_FS_LangIDStrDescriptor
 .text.IntToUnicode
                0x08003720       0x28 Src\usbd_desc.o
 .text.USBD_FS_SerialStrDescriptor
                0x08003748       0x40 Src\usbd_desc.o
                0x08003748                USBD_FS_SerialStrDescriptor
 .text.USBD_FS_ManufacturerStrDescriptor
                0x08003788       0x1c Src\usbd_desc.o
                0x08003788                USBD_FS_ManufacturerStrDescriptor
 .text.USBD_FS_ProductStrDescriptor
                0x080037a4       0x1c Src\usbd_desc.o
                0x080037a4                USBD_FS_ProductStrDescriptor
 .text.USBD_FS_ConfigStrDescriptor
                0x080037c0       0x1c Src\usbd_desc.o
                0x080037c0                USBD_FS_ConfigStrDescriptor
 .text.USBD_FS_InterfaceStrDescriptor
                0x080037dc       0x1c Src\usbd_desc.o
                0x080037dc                USBD_FS_InterfaceStrDescriptor
 .text.Reset_Handler
                0x080037f8       0x48 startup\startup_stm32f103xb.o
                0x080037f8                Reset_Handler
 .text.Default_Handler
                0x08003840        0x2 startup\startup_stm32f103xb.o
                0x08003840                RTC_Alarm_IRQHandler
                0x08003840                EXTI2_IRQHandler
                0x08003840                TIM1_CC_IRQHandler
                0x08003840                PVD_IRQHandler
                0x08003840                EXTI3_IRQHandler
                0x08003840                EXTI0_IRQHandler
                0x08003840                I2C2_EV_IRQHandler
                0x08003840                ADC1_2_IRQHandler
                0x08003840                SPI1_IRQHandler
                0x08003840                TAMPER_IRQHandler
                0x08003840                DMA1_Channel4_IRQHandler
                0x08003840                USART3_IRQHandler
                0x08003840                RTC_IRQHandler
                0x08003840                DMA1_Channel7_IRQHandler
                0x08003840                CAN1_RX1_IRQHandler
                0x08003840                TIM4_IRQHandler
                0x08003840                I2C1_EV_IRQHandler
                0x08003840                DMA1_Channel6_IRQHandler
                0x08003840                TIM3_IRQHandler
                0x08003840                RCC_IRQHandler
                0x08003840                TIM1_TRG_COM_IRQHandler
                0x08003840                Default_Handler
                0x08003840                EXTI15_10_IRQHandler
                0x08003840                EXTI9_5_IRQHandler
                0x08003840                SPI2_IRQHandler
                0x08003840                DMA1_Channel5_IRQHandler
                0x08003840                EXTI4_IRQHandler
                0x08003840                USB_HP_CAN1_TX_IRQHandler
                0x08003840                DMA1_Channel3_IRQHandler
                0x08003840                TIM1_UP_IRQHandler
                0x08003840                WWDG_IRQHandler
                0x08003840                TIM2_IRQHandler
                0x08003840                TIM1_BRK_IRQHandler
                0x08003840                EXTI1_IRQHandler
                0x08003840                USART2_IRQHandler
                0x08003840                I2C2_ER_IRQHandler
                0x08003840                DMA1_Channel2_IRQHandler
                0x08003840                CAN1_SCE_IRQHandler
                0x08003840                FLASH_IRQHandler
                0x08003840                USART1_IRQHandler
                0x08003840                I2C1_ER_IRQHandler
                0x08003840                USBWakeUp_IRQHandler
 *fill*         0x08003842        0x2 
 .text.__libc_init_array
                0x08003844       0x48 d:/program files (x86)/atollic/truestudio for stm32 9.3.0/armtools/bin/../lib/gcc/arm-atollic-eabi/6.3.1/../../../../arm-atollic-eabi/lib/armv7-m\libc_nano.a(lib_a-init.o)
                0x08003844                __libc_init_array
 .text.memset   0x0800388c       0x10 d:/program files (x86)/atollic/truestudio for stm32 9.3.0/armtools/bin/../lib/gcc/arm-atollic-eabi/6.3.1/../../../../arm-atollic-eabi/lib/armv7-m\libc_nano.a(lib_a-memset.o)
                0x0800388c                memset
 *(.glue_7)
 .glue_7        0x0800389c        0x0 linker stubs
 *(.glue_7t)
 .glue_7t       0x0800389c        0x0 linker stubs
 *(.eh_frame)
 .eh_frame      0x0800389c        0x0 d:/program files (x86)/atollic/truestudio for stm32 9.3.0/armtools/bin/../lib/gcc/arm-atollic-eabi/6.3.1/armv7-m/crtbegin.o
 *(.init)
 .init          0x0800389c        0x4 d:/program files (x86)/atollic/truestudio for stm32 9.3.0/armtools/bin/../lib/gcc/arm-atollic-eabi/6.3.1/armv7-m/crti.o
                0x0800389c                _init
 .init          0x080038a0        0x8 d:/program files (x86)/atollic/truestudio for stm32 9.3.0/armtools/bin/../lib/gcc/arm-atollic-eabi/6.3.1/armv7-m/crtn.o
 *(.fini)
 .fini          0x080038a8        0x4 d:/program files (x86)/atollic/truestudio for stm32 9.3.0/armtools/bin/../lib/gcc/arm-atollic-eabi/6.3.1/armv7-m/crti.o
                0x080038a8                _fini
 .fini          0x080038ac        0x8 d:/program files (x86)/atollic/truestudio for stm32 9.3.0/armtools/bin/../lib/gcc/arm-atollic-eabi/6.3.1/armv7-m/crtn.o
                0x080038b4                . = ALIGN (0x4)
                0x080038b4                _etext = .

.vfp11_veneer   0x080038b4        0x0
 .vfp11_veneer  0x080038b4        0x0 linker stubs

.v4_bx          0x080038b4        0x0
 .v4_bx         0x080038b4        0x0 linker stubs

.iplt           0x080038b4        0x0
 .iplt          0x080038b4        0x0 d:/program files (x86)/atollic/truestudio for stm32 9.3.0/armtools/bin/../lib/gcc/arm-atollic-eabi/6.3.1/armv7-m/crtbegin.o

.rodata         0x080038b4       0x68
                0x080038b4                . = ALIGN (0x4)
 *(.rodata)
 .rodata        0x080038b4       0x10 Drivers\STM32F1xx_HAL_Driver\Src\stm32f1xx_hal_rcc.o
 *(.rodata*)
 .rodata.AHBPrescTable
                0x080038c4       0x10 Src\system_stm32f1xx.o
                0x080038c4                AHBPrescTable
 .rodata.CSWTCH.4
                0x080038d4        0x4 Src\usbd_conf.o
 .rodata.USBD_FS_ConfigStrDescriptor.str1.1
                0x080038d8        0xb Src\usbd_desc.o
 .rodata.USBD_FS_InterfaceStrDescriptor.str1.1
                0x080038e3        0xe Src\usbd_desc.o
 .rodata.USBD_FS_ManufacturerStrDescriptor.str1.1
                0x080038f1       0x13 Src\usbd_desc.o
 .rodata.USBD_FS_ProductStrDescriptor.str1.1
                0x08003904       0x16 Src\usbd_desc.o
                0x0800391c                . = ALIGN (0x4)
 *fill*         0x0800391a        0x2 

.rel.dyn        0x0800391c        0x0
 .rel.iplt      0x0800391c        0x0 d:/program files (x86)/atollic/truestudio for stm32 9.3.0/armtools/bin/../lib/gcc/arm-atollic-eabi/6.3.1/armv7-m/crtbegin.o

.ARM.extab
 *(.ARM.extab* .gnu.linkonce.armextab.*)

.ARM            0x0800391c        0x0
                0x0800391c                __exidx_start = .
 *(.ARM.exidx*)
                0x0800391c                __exidx_end = .

.preinit_array  0x0800391c        0x0
                0x0800391c                PROVIDE (__preinit_array_start, .)
 *(.preinit_array*)
                0x0800391c                PROVIDE (__preinit_array_end, .)

.init_array     0x0800391c        0x4
                0x0800391c                PROVIDE (__init_array_start, .)
 *(SORT(.init_array.*))
 *(.init_array*)
 .init_array    0x0800391c        0x4 d:/program files (x86)/atollic/truestudio for stm32 9.3.0/armtools/bin/../lib/gcc/arm-atollic-eabi/6.3.1/armv7-m/crtbegin.o
                0x08003920                PROVIDE (__init_array_end, .)

.fini_array     0x08003920        0x4
                [!provide]                PROVIDE (__fini_array_start, .)
 *(SORT(.fini_array.*))
 *(.fini_array*)
 .fini_array    0x08003920        0x4 d:/program files (x86)/atollic/truestudio for stm32 9.3.0/armtools/bin/../lib/gcc/arm-atollic-eabi/6.3.1/armv7-m/crtbegin.o
                [!provide]                PROVIDE (__fini_array_end, .)
                0x08003924                _sidata = LOADADDR (.data)

.data           0x20000000      0x17c load address 0x08003924
                0x20000000                . = ALIGN (0x4)
                0x20000000                _sdata = .
 *(.data)
 *(.data*)
 .data.uwTickFreq
                0x20000000        0x1 Drivers\STM32F1xx_HAL_Driver\Src\stm32f1xx_hal.o
                0x20000000                uwTickFreq
 *fill*         0x20000001        0x3 
 .data.uwTickPrio
                0x20000004        0x4 Drivers\STM32F1xx_HAL_Driver\Src\stm32f1xx_hal.o
                0x20000004                uwTickPrio
 .data.USBD_CDC
                0x20000008       0x38 Middlewares\ST\STM32_USB_Device_Library\Class\CDC\Src\usbd_cdc.o
                0x20000008                USBD_CDC
 .data.USBD_CDC_CfgFSDesc
                0x20000040       0x43 Middlewares\ST\STM32_USB_Device_Library\Class\CDC\Src\usbd_cdc.o
                0x20000040                USBD_CDC_CfgFSDesc
 *fill*         0x20000083        0x1 
 .data.USBD_CDC_CfgHSDesc
                0x20000084       0x43 Middlewares\ST\STM32_USB_Device_Library\Class\CDC\Src\usbd_cdc.o
                0x20000084                USBD_CDC_CfgHSDesc
 *fill*         0x200000c7        0x1 
 .data.USBD_CDC_DeviceQualifierDesc
                0x200000c8        0xa Middlewares\ST\STM32_USB_Device_Library\Class\CDC\Src\usbd_cdc.o
 *fill*         0x200000d2        0x2 
 .data.USBD_CDC_OtherSpeedCfgDesc
                0x200000d4       0x43 Middlewares\ST\STM32_USB_Device_Library\Class\CDC\Src\usbd_cdc.o
                0x200000d4                USBD_CDC_OtherSpeedCfgDesc
 *fill*         0x20000117        0x1 
 .data.SystemCoreClock
                0x20000118        0x4 Src\system_stm32f1xx.o
                0x20000118                SystemCoreClock
 .data.USBD_Interface_fops_FS
                0x2000011c       0x10 Src\usbd_cdc_if.o
                0x2000011c                USBD_Interface_fops_FS
 .data.FS_Desc  0x2000012c       0x1c Src\usbd_desc.o
                0x2000012c                FS_Desc
 .data.USBD_FS_DeviceDesc
                0x20000148       0x12 Src\usbd_desc.o
                0x20000148                USBD_FS_DeviceDesc
 *fill*         0x2000015a        0x2 
 .data.USBD_LangIDDesc
                0x2000015c        0x4 Src\usbd_desc.o
                0x2000015c                USBD_LangIDDesc
 .data.USBD_StringSerial
                0x20000160       0x1a Src\usbd_desc.o
                0x20000160                USBD_StringSerial
                0x2000017c                . = ALIGN (0x4)
 *fill*         0x2000017a        0x2 
                0x2000017c                _edata = .

.igot.plt       0x2000017c        0x0 load address 0x08003aa0
 .igot.plt      0x2000017c        0x0 d:/program files (x86)/atollic/truestudio for stm32 9.3.0/armtools/bin/../lib/gcc/arm-atollic-eabi/6.3.1/armv7-m/crtbegin.o
                0x2000017c                . = ALIGN (0x4)

.bss            0x2000017c     0x135c load address 0x08003aa0
                0x2000017c                _sbss = .
                0x2000017c                __bss_start__ = _sbss
 *(.bss)
 .bss           0x2000017c       0x1c d:/program files (x86)/atollic/truestudio for stm32 9.3.0/armtools/bin/../lib/gcc/arm-atollic-eabi/6.3.1/armv7-m/crtbegin.o
 *(.bss*)
 .bss.ifalt.8098
                0x20000198        0x1 Middlewares\ST\STM32_USB_Device_Library\Class\CDC\Src\usbd_cdc.o
 .bss.cfgidx.8103
                0x20000199        0x1 Middlewares\ST\STM32_USB_Device_Library\Core\Src\usbd_ctlreq.o
 *fill*         0x2000019a        0x2 
 .bss.mem.8186  0x2000019c      0x220 Src\usbd_conf.o
 *(COMMON)
 COMMON         0x200003bc        0x4 Drivers\STM32F1xx_HAL_Driver\Src\stm32f1xx_hal.o
                0x200003bc                uwTick
 COMMON         0x200003c0       0x74 Src\adc.o
                0x200003c0                hadc1
                0x200003f0                hdma_adc1
 COMMON         0x20000434       0x10 Src\main.o
                0x20000434                adc
 COMMON         0x20000444       0x40 Src\tim.o
                0x20000444                htim1
 COMMON         0x20000484      0x224 Src\usb_device.o
                0x20000484                hUsbDeviceFS
 COMMON         0x200006a8      0x7d0 Src\usbd_cdc_if.o
                0x200006a8                UserRxBufferFS
                0x20000a90                UserTxBufferFS
 COMMON         0x20000e78      0x460 Src\usbd_conf.o
                0x20000e78                hpcd_USB_FS
 COMMON         0x200012d8      0x200 Src\usbd_desc.o
                0x200012d8                USBD_StrDesc
                0x200014d8                . = ALIGN (0x4)
                0x200014d8                _ebss = .
                0x200014d8                __bss_end__ = _ebss

._user_heap_stack
                0x200014d8      0x600 load address 0x08003aa0
                0x200014d8                . = ALIGN (0x4)
                0x200014d8                PROVIDE (end, .)
                [!provide]                PROVIDE (_end, .)
                0x200016d8                . = (. + _Min_Heap_Size)
 *fill*         0x200014d8      0x200 
                0x20001ad8                . = (. + _Min_Stack_Size)
 *fill*         0x200016d8      0x400 
                0x20001ad8                . = ALIGN (0x4)

/DISCARD/
 libc.a(*)
 libm.a(*)
 libgcc.a(*)

.ARM.attributes
                0x00000000       0x29
 *(.ARM.attributes)
 .ARM.attributes
                0x00000000       0x1d d:/program files (x86)/atollic/truestudio for stm32 9.3.0/armtools/bin/../lib/gcc/arm-atollic-eabi/6.3.1/armv7-m/crti.o
 .ARM.attributes
                0x0000001d       0x2d d:/program files (x86)/atollic/truestudio for stm32 9.3.0/armtools/bin/../lib/gcc/arm-atollic-eabi/6.3.1/armv7-m/crtbegin.o
 .ARM.attributes
                0x0000004a       0x33 Drivers\STM32F1xx_HAL_Driver\Src\stm32f1xx_hal.o
 .ARM.attributes
                0x0000007d       0x33 Drivers\STM32F1xx_HAL_Driver\Src\stm32f1xx_hal_adc.o
 .ARM.attributes
                0x000000b0       0x33 Drivers\STM32F1xx_HAL_Driver\Src\stm32f1xx_hal_cortex.o
 .ARM.attributes
                0x000000e3       0x33 Drivers\STM32F1xx_HAL_Driver\Src\stm32f1xx_hal_dma.o
 .ARM.attributes
                0x00000116       0x33 Drivers\STM32F1xx_HAL_Driver\Src\stm32f1xx_hal_gpio.o
 .ARM.attributes
                0x00000149       0x33 Drivers\STM32F1xx_HAL_Driver\Src\stm32f1xx_hal_pcd.o
 .ARM.attributes
                0x0000017c       0x33 Drivers\STM32F1xx_HAL_Driver\Src\stm32f1xx_hal_pcd_ex.o
 .ARM.attributes
                0x000001af       0x33 Drivers\STM32F1xx_HAL_Driver\Src\stm32f1xx_hal_rcc.o
 .ARM.attributes
                0x000001e2       0x33 Drivers\STM32F1xx_HAL_Driver\Src\stm32f1xx_hal_rcc_ex.o
 .ARM.attributes
                0x00000215       0x33 Drivers\STM32F1xx_HAL_Driver\Src\stm32f1xx_hal_tim.o
 .ARM.attributes
                0x00000248       0x33 Drivers\STM32F1xx_HAL_Driver\Src\stm32f1xx_hal_tim_ex.o
 .ARM.attributes
                0x0000027b       0x33 Drivers\STM32F1xx_HAL_Driver\Src\stm32f1xx_ll_usb.o
 .ARM.attributes
                0x000002ae       0x33 Middlewares\ST\STM32_USB_Device_Library\Class\CDC\Src\usbd_cdc.o
 .ARM.attributes
                0x000002e1       0x33 Middlewares\ST\STM32_USB_Device_Library\Core\Src\usbd_core.o
 .ARM.attributes
                0x00000314       0x33 Middlewares\ST\STM32_USB_Device_Library\Core\Src\usbd_ctlreq.o
 .ARM.attributes
                0x00000347       0x33 Middlewares\ST\STM32_USB_Device_Library\Core\Src\usbd_ioreq.o
 .ARM.attributes
                0x0000037a       0x33 Src\adc.o
 .ARM.attributes
                0x000003ad       0x33 Src\dma.o
 .ARM.attributes
                0x000003e0       0x33 Src\gpio.o
 .ARM.attributes
                0x00000413       0x33 Src\main.o
 .ARM.attributes
                0x00000446       0x33 Src\stm32f1xx_hal_msp.o
 .ARM.attributes
                0x00000479       0x33 Src\stm32f1xx_it.o
 .ARM.attributes
                0x000004ac       0x33 Src\system_stm32f1xx.o
 .ARM.attributes
                0x000004df       0x33 Src\tim.o
 .ARM.attributes
                0x00000512       0x33 Src\usb_device.o
 .ARM.attributes
                0x00000545       0x33 Src\usbd_cdc_if.o
 .ARM.attributes
                0x00000578       0x33 Src\usbd_conf.o
 .ARM.attributes
                0x000005ab       0x33 Src\usbd_desc.o
 .ARM.attributes
                0x000005de       0x21 startup\startup_stm32f103xb.o
 .ARM.attributes
                0x000005ff       0x2d d:/program files (x86)/atollic/truestudio for stm32 9.3.0/armtools/bin/../lib/gcc/arm-atollic-eabi/6.3.1/../../../../arm-atollic-eabi/lib/armv7-m\libc_nano.a(lib_a-init.o)
 .ARM.attributes
                0x0000062c       0x2d d:/program files (x86)/atollic/truestudio for stm32 9.3.0/armtools/bin/../lib/gcc/arm-atollic-eabi/6.3.1/../../../../arm-atollic-eabi/lib/armv7-m\libc_nano.a(lib_a-memset.o)
 .ARM.attributes
                0x00000659       0x1d d:/program files (x86)/atollic/truestudio for stm32 9.3.0/armtools/bin/../lib/gcc/arm-atollic-eabi/6.3.1/armv7-m/crtn.o
OUTPUT(Robot_mobilny.elf elf32-littlearm)

.debug_info     0x00000000    0x22e78
 .debug_info    0x00000000      0xfc8 Drivers\STM32F1xx_HAL_Driver\Src\stm32f1xx_hal.o
 .debug_info    0x00000fc8     0x16a1 Drivers\STM32F1xx_HAL_Driver\Src\stm32f1xx_hal_adc.o
 .debug_info    0x00002669     0x14a9 Drivers\STM32F1xx_HAL_Driver\Src\stm32f1xx_hal_cortex.o
 .debug_info    0x00003b12     0x1047 Drivers\STM32F1xx_HAL_Driver\Src\stm32f1xx_hal_dma.o
 .debug_info    0x00004b59      0xec2 Drivers\STM32F1xx_HAL_Driver\Src\stm32f1xx_hal_gpio.o
 .debug_info    0x00005a1b     0x19bf Drivers\STM32F1xx_HAL_Driver\Src\stm32f1xx_hal_pcd.o
 .debug_info    0x000073da      0xe43 Drivers\STM32F1xx_HAL_Driver\Src\stm32f1xx_hal_pcd_ex.o
 .debug_info    0x0000821d     0x123d Drivers\STM32F1xx_HAL_Driver\Src\stm32f1xx_hal_rcc.o
 .debug_info    0x0000945a      0xc9d Drivers\STM32F1xx_HAL_Driver\Src\stm32f1xx_hal_rcc_ex.o
 .debug_info    0x0000a0f7     0x3bb9 Drivers\STM32F1xx_HAL_Driver\Src\stm32f1xx_hal_tim.o
 .debug_info    0x0000dcb0     0x1989 Drivers\STM32F1xx_HAL_Driver\Src\stm32f1xx_hal_tim_ex.o
 .debug_info    0x0000f639     0x1746 Drivers\STM32F1xx_HAL_Driver\Src\stm32f1xx_ll_usb.o
 .debug_info    0x00010d7f     0x153c Middlewares\ST\STM32_USB_Device_Library\Class\CDC\Src\usbd_cdc.o
 .debug_info    0x000122bb     0x14ac Middlewares\ST\STM32_USB_Device_Library\Core\Src\usbd_core.o
 .debug_info    0x00013767     0x14df Middlewares\ST\STM32_USB_Device_Library\Core\Src\usbd_ctlreq.o
 .debug_info    0x00014c46     0x100b Middlewares\ST\STM32_USB_Device_Library\Core\Src\usbd_ioreq.o
 .debug_info    0x00015c51     0x1249 Src\adc.o
 .debug_info    0x00016e9a      0xbc8 Src\dma.o
 .debug_info    0x00017a62      0xc10 Src\gpio.o
 .debug_info    0x00018672     0x1cf0 Src\main.o
 .debug_info    0x0001a362      0xad2 Src\stm32f1xx_hal_msp.o
 .debug_info    0x0001ae34     0x105c Src\stm32f1xx_it.o
 .debug_info    0x0001be90      0xc4d Src\system_stm32f1xx.o
 .debug_info    0x0001cadd     0x13e8 Src\tim.o
 .debug_info    0x0001dec5      0xf1a Src\usb_device.o
 .debug_info    0x0001eddf     0x10d6 Src\usbd_cdc_if.o
 .debug_info    0x0001feb5     0x20c7 Src\usbd_conf.o
 .debug_info    0x00021f7c      0xe81 Src\usbd_desc.o
 .debug_info    0x00022dfd       0x7b startup\startup_stm32f103xb.o

.debug_abbrev   0x00000000     0x4bc5
 .debug_abbrev  0x00000000      0x315 Drivers\STM32F1xx_HAL_Driver\Src\stm32f1xx_hal.o
 .debug_abbrev  0x00000315      0x2fb Drivers\STM32F1xx_HAL_Driver\Src\stm32f1xx_hal_adc.o
 .debug_abbrev  0x00000610      0x399 Drivers\STM32F1xx_HAL_Driver\Src\stm32f1xx_hal_cortex.o
 .debug_abbrev  0x000009a9      0x29e Drivers\STM32F1xx_HAL_Driver\Src\stm32f1xx_hal_dma.o
 .debug_abbrev  0x00000c47      0x268 Drivers\STM32F1xx_HAL_Driver\Src\stm32f1xx_hal_gpio.o
 .debug_abbrev  0x00000eaf      0x39a Drivers\STM32F1xx_HAL_Driver\Src\stm32f1xx_hal_pcd.o
 .debug_abbrev  0x00001249      0x1f5 Drivers\STM32F1xx_HAL_Driver\Src\stm32f1xx_hal_pcd_ex.o
 .debug_abbrev  0x0000143e      0x367 Drivers\STM32F1xx_HAL_Driver\Src\stm32f1xx_hal_rcc.o
 .debug_abbrev  0x000017a5      0x277 Drivers\STM32F1xx_HAL_Driver\Src\stm32f1xx_hal_rcc_ex.o
 .debug_abbrev  0x00001a1c      0x3bb Drivers\STM32F1xx_HAL_Driver\Src\stm32f1xx_hal_tim.o
 .debug_abbrev  0x00001dd7      0x30d Drivers\STM32F1xx_HAL_Driver\Src\stm32f1xx_hal_tim_ex.o
 .debug_abbrev  0x000020e4      0x31c Drivers\STM32F1xx_HAL_Driver\Src\stm32f1xx_ll_usb.o
 .debug_abbrev  0x00002400      0x2e8 Middlewares\ST\STM32_USB_Device_Library\Class\CDC\Src\usbd_cdc.o
 .debug_abbrev  0x000026e8      0x308 Middlewares\ST\STM32_USB_Device_Library\Core\Src\usbd_core.o
 .debug_abbrev  0x000029f0      0x3aa Middlewares\ST\STM32_USB_Device_Library\Core\Src\usbd_ctlreq.o
 .debug_abbrev  0x00002d9a      0x1da Middlewares\ST\STM32_USB_Device_Library\Core\Src\usbd_ioreq.o
 .debug_abbrev  0x00002f74      0x245 Src\adc.o
 .debug_abbrev  0x000031b9      0x1f5 Src\dma.o
 .debug_abbrev  0x000033ae      0x1f9 Src\gpio.o
 .debug_abbrev  0x000035a7      0x324 Src\main.o
 .debug_abbrev  0x000038cb      0x1bc Src\stm32f1xx_hal_msp.o
 .debug_abbrev  0x00003a87      0x213 Src\stm32f1xx_it.o
 .debug_abbrev  0x00003c9a      0x1eb Src\system_stm32f1xx.o
 .debug_abbrev  0x00003e85      0x258 Src\tim.o
 .debug_abbrev  0x000040dd      0x1ef Src\usb_device.o
 .debug_abbrev  0x000042cc      0x2ab Src\usbd_cdc_if.o
 .debug_abbrev  0x00004577      0x317 Src\usbd_conf.o
 .debug_abbrev  0x0000488e      0x325 Src\usbd_desc.o
 .debug_abbrev  0x00004bb3       0x12 startup\startup_stm32f103xb.o

.debug_loc      0x00000000     0x9140
 .debug_loc     0x00000000      0x11b Drivers\STM32F1xx_HAL_Driver\Src\stm32f1xx_hal.o
 .debug_loc     0x0000011b      0x873 Drivers\STM32F1xx_HAL_Driver\Src\stm32f1xx_hal_adc.o
 .debug_loc     0x0000098e      0x46b Drivers\STM32F1xx_HAL_Driver\Src\stm32f1xx_hal_cortex.o
 .debug_loc     0x00000df9      0x5d1 Drivers\STM32F1xx_HAL_Driver\Src\stm32f1xx_hal_dma.o
 .debug_loc     0x000013ca      0x36a Drivers\STM32F1xx_HAL_Driver\Src\stm32f1xx_hal_gpio.o
 .debug_loc     0x00001734      0x995 Drivers\STM32F1xx_HAL_Driver\Src\stm32f1xx_hal_pcd.o
 .debug_loc     0x000020c9       0xe0 Drivers\STM32F1xx_HAL_Driver\Src\stm32f1xx_hal_pcd_ex.o
 .debug_loc     0x000021a9      0x4c3 Drivers\STM32F1xx_HAL_Driver\Src\stm32f1xx_hal_rcc.o
 .debug_loc     0x0000266c      0x29d Drivers\STM32F1xx_HAL_Driver\Src\stm32f1xx_hal_rcc_ex.o
 .debug_loc     0x00002909     0x300c Drivers\STM32F1xx_HAL_Driver\Src\stm32f1xx_hal_tim.o
 .debug_loc     0x00005915      0x822 Drivers\STM32F1xx_HAL_Driver\Src\stm32f1xx_hal_tim_ex.o
 .debug_loc     0x00006137      0xb9c Drivers\STM32F1xx_HAL_Driver\Src\stm32f1xx_ll_usb.o
 .debug_loc     0x00006cd3      0x4cf Middlewares\ST\STM32_USB_Device_Library\Class\CDC\Src\usbd_cdc.o
 .debug_loc     0x000071a2      0x5f2 Middlewares\ST\STM32_USB_Device_Library\Core\Src\usbd_core.o
 .debug_loc     0x00007794      0x7cd Middlewares\ST\STM32_USB_Device_Library\Core\Src\usbd_ctlreq.o
 .debug_loc     0x00007f61      0x23c Middlewares\ST\STM32_USB_Device_Library\Core\Src\usbd_ioreq.o
 .debug_loc     0x0000819d       0x63 Src\adc.o
 .debug_loc     0x00008200      0x156 Src\main.o
 .debug_loc     0x00008356       0xcd Src\system_stm32f1xx.o
 .debug_loc     0x00008423       0x2c Src\tim.o
 .debug_loc     0x0000844f      0x10c Src\usbd_cdc_if.o
 .debug_loc     0x0000855b      0x8ec Src\usbd_conf.o
 .debug_loc     0x00008e47      0x2f9 Src\usbd_desc.o

.debug_aranges  0x00000000      0xe10
 .debug_aranges
                0x00000000       0xc8 Drivers\STM32F1xx_HAL_Driver\Src\stm32f1xx_hal.o
 .debug_aranges
                0x000000c8       0xc8 Drivers\STM32F1xx_HAL_Driver\Src\stm32f1xx_hal_adc.o
 .debug_aranges
                0x00000190       0x90 Drivers\STM32F1xx_HAL_Driver\Src\stm32f1xx_hal_cortex.o
 .debug_aranges
                0x00000220       0x78 Drivers\STM32F1xx_HAL_Driver\Src\stm32f1xx_hal_dma.o
 .debug_aranges
                0x00000298       0x58 Drivers\STM32F1xx_HAL_Driver\Src\stm32f1xx_hal_gpio.o
 .debug_aranges
                0x000002f0       0xc0 Drivers\STM32F1xx_HAL_Driver\Src\stm32f1xx_hal_pcd.o
 .debug_aranges
                0x000003b0       0x28 Drivers\STM32F1xx_HAL_Driver\Src\stm32f1xx_hal_pcd_ex.o
 .debug_aranges
                0x000003d8       0x88 Drivers\STM32F1xx_HAL_Driver\Src\stm32f1xx_hal_rcc.o
 .debug_aranges
                0x00000460       0x30 Drivers\STM32F1xx_HAL_Driver\Src\stm32f1xx_hal_rcc_ex.o
 .debug_aranges
                0x00000490      0x250 Drivers\STM32F1xx_HAL_Driver\Src\stm32f1xx_hal_tim.o
 .debug_aranges
                0x000006e0       0xe8 Drivers\STM32F1xx_HAL_Driver\Src\stm32f1xx_hal_tim_ex.o
 .debug_aranges
                0x000007c8       0xe0 Drivers\STM32F1xx_HAL_Driver\Src\stm32f1xx_ll_usb.o
 .debug_aranges
                0x000008a8       0x90 Middlewares\ST\STM32_USB_Device_Library\Class\CDC\Src\usbd_cdc.o
 .debug_aranges
                0x00000938       0xa8 Middlewares\ST\STM32_USB_Device_Library\Core\Src\usbd_core.o
 .debug_aranges
                0x000009e0       0x50 Middlewares\ST\STM32_USB_Device_Library\Core\Src\usbd_ctlreq.o
 .debug_aranges
                0x00000a30       0x50 Middlewares\ST\STM32_USB_Device_Library\Core\Src\usbd_ioreq.o
 .debug_aranges
                0x00000a80       0x30 Src\adc.o
 .debug_aranges
                0x00000ab0       0x20 Src\dma.o
 .debug_aranges
                0x00000ad0       0x20 Src\gpio.o
 .debug_aranges
                0x00000af0       0x58 Src\main.o
 .debug_aranges
                0x00000b48       0x20 Src\stm32f1xx_hal_msp.o
 .debug_aranges
                0x00000b68       0x58 Src\stm32f1xx_it.o
 .debug_aranges
                0x00000bc0       0x28 Src\system_stm32f1xx.o
 .debug_aranges
                0x00000be8       0x38 Src\tim.o
 .debug_aranges
                0x00000c20       0x20 Src\usb_device.o
 .debug_aranges
                0x00000c40       0x40 Src\usbd_cdc_if.o
 .debug_aranges
                0x00000c80      0x110 Src\usbd_conf.o
 .debug_aranges
                0x00000d90       0x58 Src\usbd_desc.o
 .debug_aranges
                0x00000de8       0x28 startup\startup_stm32f103xb.o

.debug_ranges   0x00000000     0x12c8
 .debug_ranges  0x00000000       0xb8 Drivers\STM32F1xx_HAL_Driver\Src\stm32f1xx_hal.o
 .debug_ranges  0x000000b8       0xb8 Drivers\STM32F1xx_HAL_Driver\Src\stm32f1xx_hal_adc.o
 .debug_ranges  0x00000170      0x128 Drivers\STM32F1xx_HAL_Driver\Src\stm32f1xx_hal_cortex.o
 .debug_ranges  0x00000298       0xa8 Drivers\STM32F1xx_HAL_Driver\Src\stm32f1xx_hal_dma.o
 .debug_ranges  0x00000340       0x60 Drivers\STM32F1xx_HAL_Driver\Src\stm32f1xx_hal_gpio.o
 .debug_ranges  0x000003a0      0x118 Drivers\STM32F1xx_HAL_Driver\Src\stm32f1xx_hal_pcd.o
 .debug_ranges  0x000004b8       0x18 Drivers\STM32F1xx_HAL_Driver\Src\stm32f1xx_hal_pcd_ex.o
 .debug_ranges  0x000004d0       0xa0 Drivers\STM32F1xx_HAL_Driver\Src\stm32f1xx_hal_rcc.o
 .debug_ranges  0x00000570       0x40 Drivers\STM32F1xx_HAL_Driver\Src\stm32f1xx_hal_rcc_ex.o
 .debug_ranges  0x000005b0      0x340 Drivers\STM32F1xx_HAL_Driver\Src\stm32f1xx_hal_tim.o
 .debug_ranges  0x000008f0       0xd8 Drivers\STM32F1xx_HAL_Driver\Src\stm32f1xx_hal_tim_ex.o
 .debug_ranges  0x000009c8      0x260 Drivers\STM32F1xx_HAL_Driver\Src\stm32f1xx_ll_usb.o
 .debug_ranges  0x00000c28       0x80 Middlewares\ST\STM32_USB_Device_Library\Class\CDC\Src\usbd_cdc.o
 .debug_ranges  0x00000ca8       0x98 Middlewares\ST\STM32_USB_Device_Library\Core\Src\usbd_core.o
 .debug_ranges  0x00000d40       0xc0 Middlewares\ST\STM32_USB_Device_Library\Core\Src\usbd_ctlreq.o
 .debug_ranges  0x00000e00       0x40 Middlewares\ST\STM32_USB_Device_Library\Core\Src\usbd_ioreq.o
 .debug_ranges  0x00000e40       0x58 Src\adc.o
 .debug_ranges  0x00000e98       0x40 Src\dma.o
 .debug_ranges  0x00000ed8       0x78 Src\gpio.o
 .debug_ranges  0x00000f50       0xa8 Src\main.o
 .debug_ranges  0x00000ff8       0x58 Src\stm32f1xx_hal_msp.o
 .debug_ranges  0x00001050       0x48 Src\stm32f1xx_it.o
 .debug_ranges  0x00001098       0x18 Src\system_stm32f1xx.o
 .debug_ranges  0x000010b0       0x48 Src\tim.o
 .debug_ranges  0x000010f8       0x10 Src\usb_device.o
 .debug_ranges  0x00001108       0x30 Src\usbd_cdc_if.o
 .debug_ranges  0x00001138      0x128 Src\usbd_conf.o
 .debug_ranges  0x00001260       0x48 Src\usbd_desc.o
 .debug_ranges  0x000012a8       0x20 startup\startup_stm32f103xb.o

.debug_line     0x00000000     0x8d9e
 .debug_line    0x00000000      0x45f Drivers\STM32F1xx_HAL_Driver\Src\stm32f1xx_hal.o
 .debug_line    0x0000045f      0x86c Drivers\STM32F1xx_HAL_Driver\Src\stm32f1xx_hal_adc.o
 .debug_line    0x00000ccb      0x469 Drivers\STM32F1xx_HAL_Driver\Src\stm32f1xx_hal_cortex.o
 .debug_line    0x00001134      0x68f Drivers\STM32F1xx_HAL_Driver\Src\stm32f1xx_hal_dma.o
 .debug_line    0x000017c3      0x45e Drivers\STM32F1xx_HAL_Driver\Src\stm32f1xx_hal_gpio.o
 .debug_line    0x00001c21      0x702 Drivers\STM32F1xx_HAL_Driver\Src\stm32f1xx_hal_pcd.o
 .debug_line    0x00002323      0x2ff Drivers\STM32F1xx_HAL_Driver\Src\stm32f1xx_hal_pcd_ex.o
 .debug_line    0x00002622      0x639 Drivers\STM32F1xx_HAL_Driver\Src\stm32f1xx_hal_rcc.o
 .debug_line    0x00002c5b      0x3cc Drivers\STM32F1xx_HAL_Driver\Src\stm32f1xx_hal_rcc_ex.o
 .debug_line    0x00003027     0x115f Drivers\STM32F1xx_HAL_Driver\Src\stm32f1xx_hal_tim.o
 .debug_line    0x00004186      0x701 Drivers\STM32F1xx_HAL_Driver\Src\stm32f1xx_hal_tim_ex.o
 .debug_line    0x00004887      0x628 Drivers\STM32F1xx_HAL_Driver\Src\stm32f1xx_ll_usb.o
 .debug_line    0x00004eaf      0x543 Middlewares\ST\STM32_USB_Device_Library\Class\CDC\Src\usbd_cdc.o
 .debug_line    0x000053f2      0x52d Middlewares\ST\STM32_USB_Device_Library\Core\Src\usbd_core.o
 .debug_line    0x0000591f      0x4ad Middlewares\ST\STM32_USB_Device_Library\Core\Src\usbd_ctlreq.o
 .debug_line    0x00005dcc      0x3c3 Middlewares\ST\STM32_USB_Device_Library\Core\Src\usbd_ioreq.o
 .debug_line    0x0000618f      0x389 Src\adc.o
 .debug_line    0x00006518      0x290 Src\dma.o
 .debug_line    0x000067a8      0x2b2 Src\gpio.o
 .debug_line    0x00006a5a      0x551 Src\main.o
 .debug_line    0x00006fab      0x283 Src\stm32f1xx_hal_msp.o
 .debug_line    0x0000722e      0x342 Src\stm32f1xx_it.o
 .debug_line    0x00007570      0x2bf Src\system_stm32f1xx.o
 .debug_line    0x0000782f      0x381 Src\tim.o
 .debug_line    0x00007bb0      0x39b Src\usb_device.o
 .debug_line    0x00007f4b      0x3be Src\usbd_cdc_if.o
 .debug_line    0x00008309      0x63d Src\usbd_conf.o
 .debug_line    0x00008946      0x3db Src\usbd_desc.o
 .debug_line    0x00008d21       0x7d startup\startup_stm32f103xb.o

.debug_str      0x00000000     0x4a1e
 .debug_str     0x00000000      0xbca Drivers\STM32F1xx_HAL_Driver\Src\stm32f1xx_hal.o
                                0xc71 (size before relaxing)
 .debug_str     0x00000bca      0x668 Drivers\STM32F1xx_HAL_Driver\Src\stm32f1xx_hal_adc.o
                                0xd8d (size before relaxing)
 .debug_str     0x00001232      0x2e1 Drivers\STM32F1xx_HAL_Driver\Src\stm32f1xx_hal_cortex.o
                                0xd99 (size before relaxing)
 .debug_str     0x00001513      0x220 Drivers\STM32F1xx_HAL_Driver\Src\stm32f1xx_hal_dma.o
                                0xafd (size before relaxing)
 .debug_str     0x00001733      0x1c4 Drivers\STM32F1xx_HAL_Driver\Src\stm32f1xx_hal_gpio.o
                                0x906 (size before relaxing)
 .debug_str     0x000018f7      0x797 Drivers\STM32F1xx_HAL_Driver\Src\stm32f1xx_hal_pcd.o
                                0xf00 (size before relaxing)
 .debug_str     0x0000208e       0x57 Drivers\STM32F1xx_HAL_Driver\Src\stm32f1xx_hal_pcd_ex.o
                                0xa2b (size before relaxing)
 .debug_str     0x000020e5      0x317 Drivers\STM32F1xx_HAL_Driver\Src\stm32f1xx_hal_rcc.o
                                0xae4 (size before relaxing)
 .debug_str     0x000023fc      0x110 Drivers\STM32F1xx_HAL_Driver\Src\stm32f1xx_hal_rcc_ex.o
                                0x8c1 (size before relaxing)
 .debug_str     0x0000250c      0xf05 Drivers\STM32F1xx_HAL_Driver\Src\stm32f1xx_hal_tim.o
                               0x1835 (size before relaxing)
 .debug_str     0x00003411      0x4f1 Drivers\STM32F1xx_HAL_Driver\Src\stm32f1xx_hal_tim_ex.o
                               0x10d7 (size before relaxing)
 .debug_str     0x00003902      0x155 Drivers\STM32F1xx_HAL_Driver\Src\stm32f1xx_ll_usb.o
                                0xbfe (size before relaxing)
 .debug_str     0x00003a57      0x64f Middlewares\ST\STM32_USB_Device_Library\Class\CDC\Src\usbd_cdc.o
                                0xdaa (size before relaxing)
 .debug_str     0x000040a6      0x2a0 Middlewares\ST\STM32_USB_Device_Library\Core\Src\usbd_core.o
                                0xd1c (size before relaxing)
 .debug_str     0x00004346      0x12e Middlewares\ST\STM32_USB_Device_Library\Core\Src\usbd_ctlreq.o
                                0xc36 (size before relaxing)
 .debug_str     0x00004474       0x51 Middlewares\ST\STM32_USB_Device_Library\Core\Src\usbd_ioreq.o
                                0xb63 (size before relaxing)
 .debug_str     0x000044c5       0x52 Src\adc.o
                                0xba2 (size before relaxing)
 .debug_str     0x00004517       0x19 Src\dma.o
                                0x9db (size before relaxing)
 .debug_str     0x00004530       0x1b Src\gpio.o
                                0x77f (size before relaxing)
 .debug_str     0x0000454b       0xe6 Src\main.o
                               0x12fd (size before relaxing)
 .debug_str     0x00004631       0x1b Src\stm32f1xx_hal_msp.o
                                0x71a (size before relaxing)
 .debug_str     0x0000464c       0xe6 Src\stm32f1xx_it.o
                                0xc24 (size before relaxing)
 .debug_str     0x00004732       0x4d Src\system_stm32f1xx.o
                                0x76f (size before relaxing)
 .debug_str     0x0000477f       0x44 Src\tim.o
                                0xdca (size before relaxing)
 .debug_str     0x000047c3       0x21 Src\usb_device.o
                                0xb26 (size before relaxing)
 .debug_str     0x000047e4       0x7b Src\usbd_cdc_if.o
                                0xbf6 (size before relaxing)
 .debug_str     0x0000485f       0x5a Src\usbd_conf.o
                               0x1610 (size before relaxing)
 .debug_str     0x000048b9      0x165 Src\usbd_desc.o
                                0x939 (size before relaxing)

.comment        0x00000000       0x7c
 .comment       0x00000000       0x7c Drivers\STM32F1xx_HAL_Driver\Src\stm32f1xx_hal.o
                                 0x7d (size before relaxing)
 .comment       0x0000007c       0x7d Drivers\STM32F1xx_HAL_Driver\Src\stm32f1xx_hal_adc.o
 .comment       0x0000007c       0x7d Drivers\STM32F1xx_HAL_Driver\Src\stm32f1xx_hal_cortex.o
 .comment       0x0000007c       0x7d Drivers\STM32F1xx_HAL_Driver\Src\stm32f1xx_hal_dma.o
 .comment       0x0000007c       0x7d Drivers\STM32F1xx_HAL_Driver\Src\stm32f1xx_hal_gpio.o
 .comment       0x0000007c       0x7d Drivers\STM32F1xx_HAL_Driver\Src\stm32f1xx_hal_pcd.o
 .comment       0x0000007c       0x7d Drivers\STM32F1xx_HAL_Driver\Src\stm32f1xx_hal_pcd_ex.o
 .comment       0x0000007c       0x7d Drivers\STM32F1xx_HAL_Driver\Src\stm32f1xx_hal_rcc.o
 .comment       0x0000007c       0x7d Drivers\STM32F1xx_HAL_Driver\Src\stm32f1xx_hal_rcc_ex.o
 .comment       0x0000007c       0x7d Drivers\STM32F1xx_HAL_Driver\Src\stm32f1xx_hal_tim.o
 .comment       0x0000007c       0x7d Drivers\STM32F1xx_HAL_Driver\Src\stm32f1xx_hal_tim_ex.o
 .comment       0x0000007c       0x7d Drivers\STM32F1xx_HAL_Driver\Src\stm32f1xx_ll_usb.o
 .comment       0x0000007c       0x7d Middlewares\ST\STM32_USB_Device_Library\Class\CDC\Src\usbd_cdc.o
 .comment       0x0000007c       0x7d Middlewares\ST\STM32_USB_Device_Library\Core\Src\usbd_core.o
 .comment       0x0000007c       0x7d Middlewares\ST\STM32_USB_Device_Library\Core\Src\usbd_ctlreq.o
 .comment       0x0000007c       0x7d Middlewares\ST\STM32_USB_Device_Library\Core\Src\usbd_ioreq.o
 .comment       0x0000007c       0x7d Src\adc.o
 .comment       0x0000007c       0x7d Src\dma.o
 .comment       0x0000007c       0x7d Src\gpio.o
 .comment       0x0000007c       0x7d Src\main.o
 .comment       0x0000007c       0x7d Src\stm32f1xx_hal_msp.o
 .comment       0x0000007c       0x7d Src\stm32f1xx_it.o
 .comment       0x0000007c       0x7d Src\system_stm32f1xx.o
 .comment       0x0000007c       0x7d Src\tim.o
 .comment       0x0000007c       0x7d Src\usb_device.o
 .comment       0x0000007c       0x7d Src\usbd_cdc_if.o
 .comment       0x0000007c       0x7d Src\usbd_conf.o
 .comment       0x0000007c       0x7d Src\usbd_desc.o

.debug_frame    0x00000000     0x25d8
 .debug_frame   0x00000000      0x1b0 Drivers\STM32F1xx_HAL_Driver\Src\stm32f1xx_hal.o
 .debug_frame   0x000001b0      0x298 Drivers\STM32F1xx_HAL_Driver\Src\stm32f1xx_hal_adc.o
 .debug_frame   0x00000448      0x120 Drivers\STM32F1xx_HAL_Driver\Src\stm32f1xx_hal_cortex.o
 .debug_frame   0x00000568      0x144 Drivers\STM32F1xx_HAL_Driver\Src\stm32f1xx_hal_dma.o
 .debug_frame   0x000006ac       0xd4 Drivers\STM32F1xx_HAL_Driver\Src\stm32f1xx_hal_gpio.o
 .debug_frame   0x00000780      0x2c4 Drivers\STM32F1xx_HAL_Driver\Src\stm32f1xx_hal_pcd.o
 .debug_frame   0x00000a44       0x30 Drivers\STM32F1xx_HAL_Driver\Src\stm32f1xx_hal_pcd_ex.o
 .debug_frame   0x00000a74      0x150 Drivers\STM32F1xx_HAL_Driver\Src\stm32f1xx_hal_rcc.o
 .debug_frame   0x00000bc4       0x6c Drivers\STM32F1xx_HAL_Driver\Src\stm32f1xx_hal_rcc_ex.o
 .debug_frame   0x00000c30      0x854 Drivers\STM32F1xx_HAL_Driver\Src\stm32f1xx_hal_tim.o
 .debug_frame   0x00001484      0x320 Drivers\STM32F1xx_HAL_Driver\Src\stm32f1xx_hal_tim_ex.o
 .debug_frame   0x000017a4      0x22c Drivers\STM32F1xx_HAL_Driver\Src\stm32f1xx_ll_usb.o
 .debug_frame   0x000019d0      0x14c Middlewares\ST\STM32_USB_Device_Library\Class\CDC\Src\usbd_cdc.o
 .debug_frame   0x00001b1c      0x1c0 Middlewares\ST\STM32_USB_Device_Library\Core\Src\usbd_core.o
 .debug_frame   0x00001cdc       0xcc Middlewares\ST\STM32_USB_Device_Library\Core\Src\usbd_ctlreq.o
 .debug_frame   0x00001da8       0xb8 Middlewares\ST\STM32_USB_Device_Library\Core\Src\usbd_ioreq.o
 .debug_frame   0x00001e60       0x70 Src\adc.o
 .debug_frame   0x00001ed0       0x28 Src\dma.o
 .debug_frame   0x00001ef8       0x34 Src\gpio.o
 .debug_frame   0x00001f2c       0xd8 Src\main.o
 .debug_frame   0x00002004       0x28 Src\stm32f1xx_hal_msp.o
 .debug_frame   0x0000202c       0xc0 Src\stm32f1xx_it.o
 .debug_frame   0x000020ec       0x30 Src\system_stm32f1xx.o
 .debug_frame   0x0000211c       0x78 Src\tim.o
 .debug_frame   0x00002194       0x30 Src\usb_device.o
 .debug_frame   0x000021c4       0x80 Src\usbd_cdc_if.o
 .debug_frame   0x00002244      0x284 Src\usbd_conf.o
 .debug_frame   0x000024c8       0xc4 Src\usbd_desc.o
 .debug_frame   0x0000258c       0x2c d:/program files (x86)/atollic/truestudio for stm32 9.3.0/armtools/bin/../lib/gcc/arm-atollic-eabi/6.3.1/../../../../arm-atollic-eabi/lib/armv7-m\libc_nano.a(lib_a-init.o)
 .debug_frame   0x000025b8       0x20 d:/program files (x86)/atollic/truestudio for stm32 9.3.0/armtools/bin/../lib/gcc/arm-atollic-eabi/6.3.1/../../../../arm-atollic-eabi/lib/armv7-m\libc_nano.a(lib_a-memset.o)
